Archive member included to satisfy reference by file (symbol)

/workspace/edk2/Build/MdeModule/DEBUG_GCC5/IA32/MdeModulePkg/Universal/LoadFileOnFv2/LoadFileOnFv2/OUTPUT/LoadFileOnFv2.lib(LoadFileOnFv2.obj)
                              (--whole-archive)
/workspace/edk2/Build/MdeModule/DEBUG_GCC5/IA32/MdeModulePkg/Universal/LoadFileOnFv2/LoadFileOnFv2/OUTPUT/LoadFileOnFv2.lib(AutoGen.obj)
                              (--whole-archive)
/workspace/edk2/Build/MdeModule/DEBUG_GCC5/IA32/MdePkg/Library/BasePcdLibNull/BasePcdLibNull/OUTPUT/BasePcdLibNull.lib(PcdLib.obj)
                              (--whole-archive)
/workspace/edk2/Build/MdeModule/DEBUG_GCC5/IA32/MdePkg/Library/BaseLib/BaseLib/OUTPUT/BaseLib.lib(CheckSum.obj)
                              (--whole-archive)
/workspace/edk2/Build/MdeModule/DEBUG_GCC5/IA32/MdePkg/Library/BaseLib/BaseLib/OUTPUT/BaseLib.lib(SwitchStack.obj)
                              (--whole-archive)
/workspace/edk2/Build/MdeModule/DEBUG_GCC5/IA32/MdePkg/Library/BaseLib/BaseLib/OUTPUT/BaseLib.lib(SwapBytes64.obj)
                              (--whole-archive)
/workspace/edk2/Build/MdeModule/DEBUG_GCC5/IA32/MdePkg/Library/BaseLib/BaseLib/OUTPUT/BaseLib.lib(SwapBytes32.obj)
                              (--whole-archive)
/workspace/edk2/Build/MdeModule/DEBUG_GCC5/IA32/MdePkg/Library/BaseLib/BaseLib/OUTPUT/BaseLib.lib(SwapBytes16.obj)
                              (--whole-archive)
/workspace/edk2/Build/MdeModule/DEBUG_GCC5/IA32/MdePkg/Library/BaseLib/BaseLib/OUTPUT/BaseLib.lib(LongJump.obj)
                              (--whole-archive)
/workspace/edk2/Build/MdeModule/DEBUG_GCC5/IA32/MdePkg/Library/BaseLib/BaseLib/OUTPUT/BaseLib.lib(SetJump.obj)
                              (--whole-archive)
/workspace/edk2/Build/MdeModule/DEBUG_GCC5/IA32/MdePkg/Library/BaseLib/BaseLib/OUTPUT/BaseLib.lib(RShiftU64.obj)
                              (--whole-archive)
/workspace/edk2/Build/MdeModule/DEBUG_GCC5/IA32/MdePkg/Library/BaseLib/BaseLib/OUTPUT/BaseLib.lib(RRotU64.obj)
                              (--whole-archive)
/workspace/edk2/Build/MdeModule/DEBUG_GCC5/IA32/MdePkg/Library/BaseLib/BaseLib/OUTPUT/BaseLib.lib(RRotU32.obj)
                              (--whole-archive)
/workspace/edk2/Build/MdeModule/DEBUG_GCC5/IA32/MdePkg/Library/BaseLib/BaseLib/OUTPUT/BaseLib.lib(MultU64x64.obj)
                              (--whole-archive)
/workspace/edk2/Build/MdeModule/DEBUG_GCC5/IA32/MdePkg/Library/BaseLib/BaseLib/OUTPUT/BaseLib.lib(MultU64x32.obj)
                              (--whole-archive)
/workspace/edk2/Build/MdeModule/DEBUG_GCC5/IA32/MdePkg/Library/BaseLib/BaseLib/OUTPUT/BaseLib.lib(MultS64x64.obj)
                              (--whole-archive)
/workspace/edk2/Build/MdeModule/DEBUG_GCC5/IA32/MdePkg/Library/BaseLib/BaseLib/OUTPUT/BaseLib.lib(ModU64x32.obj)
                              (--whole-archive)
/workspace/edk2/Build/MdeModule/DEBUG_GCC5/IA32/MdePkg/Library/BaseLib/BaseLib/OUTPUT/BaseLib.lib(LShiftU64.obj)
                              (--whole-archive)
/workspace/edk2/Build/MdeModule/DEBUG_GCC5/IA32/MdePkg/Library/BaseLib/BaseLib/OUTPUT/BaseLib.lib(LRotU64.obj)
                              (--whole-archive)
/workspace/edk2/Build/MdeModule/DEBUG_GCC5/IA32/MdePkg/Library/BaseLib/BaseLib/OUTPUT/BaseLib.lib(LRotU32.obj)
                              (--whole-archive)
/workspace/edk2/Build/MdeModule/DEBUG_GCC5/IA32/MdePkg/Library/BaseLib/BaseLib/OUTPUT/BaseLib.lib(LowBitSet64.obj)
                              (--whole-archive)
/workspace/edk2/Build/MdeModule/DEBUG_GCC5/IA32/MdePkg/Library/BaseLib/BaseLib/OUTPUT/BaseLib.lib(LowBitSet32.obj)
                              (--whole-archive)
/workspace/edk2/Build/MdeModule/DEBUG_GCC5/IA32/MdePkg/Library/BaseLib/BaseLib/OUTPUT/BaseLib.lib(HighBitSet64.obj)
                              (--whole-archive)
/workspace/edk2/Build/MdeModule/DEBUG_GCC5/IA32/MdePkg/Library/BaseLib/BaseLib/OUTPUT/BaseLib.lib(HighBitSet32.obj)
                              (--whole-archive)
/workspace/edk2/Build/MdeModule/DEBUG_GCC5/IA32/MdePkg/Library/BaseLib/BaseLib/OUTPUT/BaseLib.lib(GetPowerOfTwo64.obj)
                              (--whole-archive)
/workspace/edk2/Build/MdeModule/DEBUG_GCC5/IA32/MdePkg/Library/BaseLib/BaseLib/OUTPUT/BaseLib.lib(GetPowerOfTwo32.obj)
                              (--whole-archive)
/workspace/edk2/Build/MdeModule/DEBUG_GCC5/IA32/MdePkg/Library/BaseLib/BaseLib/OUTPUT/BaseLib.lib(DivU64x64Remainder.obj)
                              (--whole-archive)
/workspace/edk2/Build/MdeModule/DEBUG_GCC5/IA32/MdePkg/Library/BaseLib/BaseLib/OUTPUT/BaseLib.lib(DivU64x32Remainder.obj)
                              (--whole-archive)
/workspace/edk2/Build/MdeModule/DEBUG_GCC5/IA32/MdePkg/Library/BaseLib/BaseLib/OUTPUT/BaseLib.lib(DivU64x32.obj)
                              (--whole-archive)
/workspace/edk2/Build/MdeModule/DEBUG_GCC5/IA32/MdePkg/Library/BaseLib/BaseLib/OUTPUT/BaseLib.lib(DivS64x64Remainder.obj)
[...]
Memory Configuration

Name             Origin             Length             Attributes
*default*        0x0000000000000000 0xffffffffffffffff

Linker script and memory map

START GROUP
LOAD /tmp/LoadFileOnFv2.dll.qW58Ph.ltrans0.ltrans.o
LOAD /tmp/ccprk83g.debug.temp.o
LOAD /tmp/ccRF2Gkg.debug.temp.o
LOAD /tmp/ccaJ219e.debug.temp.o
LOAD /tmp/ccILKjUh.debug.temp.o
LOAD /tmp/ccNyEHGh.debug.temp.o
LOAD /tmp/cc7lxqTf.debug.temp.o
LOAD /tmp/ccuECV7h.debug.temp.o
LOAD /tmp/cc8cFe7i.debug.temp.o
LOAD /tmp/ccE3rTVi.debug.temp.o
LOAD /tmp/ccoMhw3h.debug.temp.o
LOAD /tmp/cc8EEZOf.debug.temp.o
LOAD /tmp/ccdcc8Rh.debug.temp.o
LOAD /tmp/ccZ4lAci.debug.temp.o
LOAD /tmp/ccBhLcFg.debug.temp.o
LOAD /tmp/ccztD9Oi.debug.temp.o
LOAD /tmp/ccg2Dwuf.debug.temp.o
LOAD /tmp/cczNYz9i.debug.temp.o
LOAD /tmp/ccqeckXg.debug.temp.o
LOAD /tmp/ccfWYKrj.debug.temp.o
LOAD /tmp/cck90Ief.debug.temp.o
LOAD /tmp/ccBpQvgj.debug.temp.o
LOAD /tmp/ccVbJJKi.debug.temp.o
LOAD /tmp/ccoqzxWe.debug.temp.o
LOAD /tmp/ccQUHlOg.debug.temp.o
LOAD /tmp/ccODsDBi.debug.temp.o
LOAD /tmp/ccc50ggg.debug.temp.o
LOAD /tmp/ccvcBoBf.debug.temp.o
LOAD /tmp/cc9rebhi.debug.temp.o
LOAD /tmp/ccGILsgj.debug.temp.o
LOAD /tmp/cciMxjOg.debug.temp.o
LOAD /tmp/ccSf6EDf.debug.temp.o
LOAD /tmp/ccw18FKi.debug.temp.o
LOAD /tmp/ccG1tXhh.debug.temp.o
LOAD /tmp/ccodVI5e.debug.temp.o
LOAD /tmp/ccjsctai.debug.temp.o
LOAD /tmp/ccKTR2gf.debug.temp.o
LOAD /tmp/ccOc5zgj.debug.temp.o
LOAD /tmp/ccPyGqai.debug.temp.o
LOAD /tmp/ccw3d1bj.debug.temp.o
LOAD /tmp/ccQvMl1h.debug.temp.o
LOAD /tmp/ccfYyq0f.debug.temp.o
LOAD /tmp/cc15A1Mi.debug.temp.o
LOAD /tmp/ccHorUWh.debug.temp.o
LOAD /tmp/cc3086qh.debug.temp.o
LOAD /tmp/cceDqSZg.debug.temp.o
LOAD /tmp/cczVAblj.debug.temp.o
LOAD /tmp/cckdKLci.debug.temp.o
LOAD /tmp/cc2W89Of.debug.temp.o
LOAD /tmp/ccM8mDgj.debug.temp.o
LOAD /tmp/cciTlWkg.debug.temp.o
LOAD /tmp/ccZQ8Vkg.debug.temp.o
LOAD /tmp/ccrsm18g.debug.temp.o
LOAD /tmp/ccM5FJbi.debug.temp.o
LOAD /tmp/ccJlWw1h.debug.temp.o
LOAD /tmp/ccXgTM8i.debug.temp.o
LOAD /tmp/ccWHidDg.debug.temp.o
LOAD /tmp/cc1OQ0nf.debug.temp.o
LOAD /tmp/ccdlLAai.debug.temp.o
LOAD /tmp/ccFP9Rti.debug.temp.o
LOAD /tmp/ccG5Lubf.debug.temp.o
LOAD /tmp/ccs3uMEh.debug.temp.o
LOAD /tmp/cc1NYlmj.debug.temp.o
LOAD /tmp/ccTdsIWe.debug.temp.o
LOAD /tmp/ccvE0ypg.debug.temp.o
LOAD /tmp/ccWS1uch.debug.temp.o
LOAD /tmp/ccltlbYh.debug.temp.o
LOAD /tmp/ccUgIFuh.debug.temp.o
LOAD /tmp/ccgznAHi.debug.temp.o
LOAD /tmp/ccf51VSi.debug.temp.o
LOAD /tmp/cckYOewi.debug.temp.o
LOAD /tmp/ccRBwmHf.debug.temp.o
LOAD /tmp/ccQKi5ph.debug.temp.o
LOAD /tmp/ccYy75ph.debug.temp.o
LOAD /tmp/cc82fUmf.debug.temp.o
LOAD /tmp/ccL5qigi.debug.temp.o
LOAD /tmp/ccZxz7Qe.debug.temp.o
LOAD /tmp/ccdLJ9sg.debug.temp.o
LOAD /tmp/ccZbYLri.debug.temp.o
LOAD /tmp/ccPvz8Ci.debug.temp.o
LOAD /tmp/ccVRlDlh.debug.temp.o
LOAD /tmp/ccb9Lc1g.debug.temp.o
LOAD /tmp/ccsAWS8i.debug.temp.o
LOAD /tmp/ccSoGPAi.debug.temp.o
LOAD /tmp/ccMIvZIg.debug.temp.o
LOAD /tmp/ccay7Meh.debug.temp.o
LOAD /tmp/cci4wVAi.debug.temp.o
LOAD /tmp/cc9roh1i.debug.temp.o
LOAD /tmp/ccqdPuaj.debug.temp.o
LOAD /tmp/ccaB0VTe.debug.temp.o
LOAD /tmp/ccaLWYXi.debug.temp.o
LOAD /tmp/cc8vBQ6f.debug.temp.o
LOAD /tmp/ccmXTTEg.debug.temp.o
LOAD /workspace/edk2/Build/MdeModule/DEBUG_GCC5/IA32/MdeModulePkg/Universal/LoadFileOnFv2/LoadFileOnFv2/OUTPUT/LoadFileOnFv2.lib
LOAD /workspace/edk2/Build/MdeModule/DEBUG_GCC5/IA32/MdePkg/Library/BasePcdLibNull/BasePcdLibNull/OUTPUT/BasePcdLibNull.lib
LOAD /workspace/edk2/Build/MdeModule/DEBUG_GCC5/IA32/MdePkg/Library/BaseLib/BaseLib/OUTPUT/BaseLib.lib
LOAD /workspace/edk2/Build/MdeModule/DEBUG_GCC5/IA32/MdePkg/Library/BaseMemoryLib/BaseMemoryLib/OUTPUT/BaseMemoryLib.lib
LOAD /workspace/edk2/Build/MdeModule/DEBUG_GCC5/IA32/MdePkg/Library/BaseDebugLibNull/BaseDebugLibNull/OUTPUT/BaseDebugLibNull.lib
LOAD /workspace/edk2/Build/MdeModule/DEBUG_GCC5/IA32/MdePkg/Library/UefiBootServicesTableLib/UefiBootServicesTableLib/OUTPUT/UefiBootServicesTableLib.lib
LOAD /workspace/edk2/Build/MdeModule/DEBUG_GCC5/IA32/MdePkg/Library/BasePrintLib/BasePrintLib/OUTPUT/BasePrintLib.lib
LOAD /workspace/edk2/Build/MdeModule/DEBUG_GCC5/IA32/MdePkg/Library/UefiMemoryAllocationLib/UefiMemoryAllocationLib/OUTPUT/UefiMemoryAllocationLib.lib
LOAD /workspace/edk2/Build/MdeModule/DEBUG_GCC5/IA32/MdePkg/Library/UefiRuntimeServicesTableLib/UefiRuntimeServicesTableLib/OUTPUT/UefiRuntimeServicesTableLib.lib
LOAD /workspace/edk2/Build/MdeModule/DEBUG_GCC5/IA32/MdePkg/Library/UefiDevicePathLib/UefiDevicePathLib/OUTPUT/UefiDevicePathLib.lib
LOAD /workspace/edk2/Build/MdeModule/DEBUG_GCC5/IA32/MdePkg/Library/UefiLib/UefiLib/OUTPUT/UefiLib.lib
LOAD /workspace/edk2/Build/MdeModule/DEBUG_GCC5/IA32/MdePkg/Library/UefiDriverEntryPoint/UefiDriverEntryPoint/OUTPUT/UefiDriverEntryPoint.lib
END GROUP
                0x0000000000000220                PECOFF_HEADER_SIZE = 0x220
                0x0000000000000220                . = PECOFF_HEADER_SIZE

.text           0x0000000000000240      0x9f0
 *(.text .text.* .stub .gnu.linkonce.t.*)
 .text.InternalAllocatePool.constprop.0
                0x0000000000000240       0x28 /tmp/LoadFileOnFv2.dll.qW58Ph.ltrans0.ltrans.o
 .text.IsDevicePathEnd
                0x0000000000000268       0x18 /tmp/LoadFileOnFv2.dll.qW58Ph.ltrans0.ltrans.o
 .text.DevicePathNodeLength
                0x0000000000000280        0xc /tmp/LoadFileOnFv2.dll.qW58Ph.ltrans0.ltrans.o
 .text.NextDevicePathNode
                0x000000000000028c       0x16 /tmp/LoadFileOnFv2.dll.qW58Ph.ltrans0.ltrans.o
 .text.IsDevicePathValid.part.0.constprop.0
                0x00000000000002a2       0x6a /tmp/LoadFileOnFv2.dll.qW58Ph.ltrans0.ltrans.o
 .text.UefiDevicePathLibGetDevicePathSize
                0x000000000000030c       0x5a /tmp/LoadFileOnFv2.dll.qW58Ph.ltrans0.ltrans.o
 .text.FreePool
                0x0000000000000366        0x8 /tmp/LoadFileOnFv2.dll.qW58Ph.ltrans0.ltrans.o
 .text.CopyGuid
                0x000000000000036e       0x25 /tmp/LoadFileOnFv2.dll.qW58Ph.ltrans0.ltrans.o
 .text.CopyMem  0x0000000000000393      0x1ea /tmp/LoadFileOnFv2.dll.qW58Ph.ltrans0.ltrans.o
 .text.InternalAllocateCopyPool.constprop.0
                0x000000000000057d       0x25 /tmp/LoadFileOnFv2.dll.qW58Ph.ltrans0.ltrans.o
 .text.UefiDevicePathLibDuplicateDevicePath
                0x00000000000005a2       0x26 /tmp/LoadFileOnFv2.dll.qW58Ph.ltrans0.ltrans.o
 .text.UefiDevicePathLibAppendDevicePath
                0x00000000000005c8       0xa6 /tmp/LoadFileOnFv2.dll.qW58Ph.ltrans0.ltrans.o
 .text.SetDevicePathEndNode
                0x000000000000066e       0x18 /tmp/LoadFileOnFv2.dll.qW58Ph.ltrans0.ltrans.o
 .text.LoadFileOnFv2LoadFile
                0x0000000000000686       0x96 /tmp/LoadFileOnFv2.dll.qW58Ph.ltrans0.ltrans.o
 .text.EfiCreateProtocolNotifyEvent.constprop.0
                0x000000000000071c       0x47 /tmp/LoadFileOnFv2.dll.qW58Ph.ltrans0.ltrans.o
 .text.AllocateZeroPool
                0x0000000000000763       0xc0 /tmp/LoadFileOnFv2.dll.qW58Ph.ltrans0.ltrans.o
 .text.FvNotificationEvent
                0x0000000000000823      0x376 /tmp/LoadFileOnFv2.dll.qW58Ph.ltrans0.ltrans.o
 .text._ModuleEntryPoint
                0x0000000000000b99       0x77 /tmp/LoadFileOnFv2.dll.qW58Ph.ltrans0.ltrans.o
                0x0000000000000b99                _ModuleEntryPoint
 .text          0x0000000000000c10       0x1b /workspace/edk2/Build/MdeModule/DEBUG_GCC5/IA32/MdePkg/Library/BaseLib/BaseLib/OUTPUT/BaseLib.lib(LShiftU64.obj)
                0x0000000000000c10                InternalMathLShiftU64
 *(.rodata .rodata.* .gnu.linkonce.r.*)
 *fill*         0x0000000000000c2b        0x1 
 .rodata.mUefiDevicePathLibEndDevicePath
                0x0000000000000c2c        0x4 /tmp/LoadFileOnFv2.dll.qW58Ph.ltrans0.ltrans.o
 *(.got .got.*)
 .got           0x0000000000000c30        0x0 /workspace/edk2/Build/MdeModule/DEBUG_GCC5/IA32/MdePkg/Library/BaseLib/BaseLib/OUTPUT/BaseLib.lib(WriteTr.obj)
 .got.plt       0x0000000000000c30        0x0 /workspace/edk2/Build/MdeModule/DEBUG_GCC5/IA32/MdePkg/Library/BaseLib/BaseLib/OUTPUT/BaseLib.lib(WriteTr.obj)
 *:AutoGen.obj(.data.g*Guid)

.iplt           0x0000000000000c30        0x0
 .iplt          0x0000000000000c30        0x0 /workspace/edk2/Build/MdeModule/DEBUG_GCC5/IA32/MdePkg/Library/BaseLib/BaseLib/OUTPUT/BaseLib.lib(WriteTr.obj)

.data           0x0000000000000c40       0x94
 *(.data .data.* .gnu.linkonce.d.*)
 .data.gEfiLoadFileProtocolGuid
                0x0000000000000c40       0x10 /tmp/LoadFileOnFv2.dll.qW58Ph.ltrans0.ltrans.o
 .data.gEfiDevicePathProtocolGuid
                0x0000000000000c50       0x10 /tmp/LoadFileOnFv2.dll.qW58Ph.ltrans0.ltrans.o
 .data.mLoadFileOnFv2PrivateDataTemplate
                0x0000000000000c60       0x28 /tmp/LoadFileOnFv2.dll.qW58Ph.ltrans0.ltrans.o
 .data.gEfiFirmwareVolumeBlockProtocolGuid
                0x0000000000000c88       0x10 /tmp/LoadFileOnFv2.dll.qW58Ph.ltrans0.ltrans.o
 .data.gLzmaCustomDecompressGuid
                0x0000000000000c98       0x10 /tmp/LoadFileOnFv2.dll.qW58Ph.ltrans0.ltrans.o
 .data.gEfiFirmwareVolume2ProtocolGuid
                0x0000000000000ca8       0x10 /tmp/LoadFileOnFv2.dll.qW58Ph.ltrans0.ltrans.o
 *(.bss .bss.*)
 .bss.gST       0x0000000000000cb8        0x4 /tmp/LoadFileOnFv2.dll.qW58Ph.ltrans0.ltrans.o
 .bss.gImageHandle
                0x0000000000000cbc        0x4 /tmp/LoadFileOnFv2.dll.qW58Ph.ltrans0.ltrans.o
 .bss.gRT       0x0000000000000cc0        0x4 /tmp/LoadFileOnFv2.dll.qW58Ph.ltrans0.ltrans.o
 .bss.mFvRegistration
                0x0000000000000cc4        0x4 /tmp/LoadFileOnFv2.dll.qW58Ph.ltrans0.ltrans.o
 .bss.gBS       0x0000000000000cc8        0x4 /tmp/LoadFileOnFv2.dll.qW58Ph.ltrans0.ltrans.o
 .bss.mPrivateDataList
                0x0000000000000ccc        0x8 /tmp/LoadFileOnFv2.dll.qW58Ph.ltrans0.ltrans.o

.igot.plt       0x0000000000000cd4        0x0
 .igot.plt      0x0000000000000cd4        0x0 /workspace/edk2/Build/MdeModule/DEBUG_GCC5/IA32/MdePkg/Library/BaseLib/BaseLib/OUTPUT/BaseLib.lib(WriteTr.obj)

.rel.dyn        0x0000000000000cd4        0x0
 .rel.got       0x0000000000000cd4        0x0 /workspace/edk2/Build/MdeModule/DEBUG_GCC5/IA32/MdePkg/Library/BaseLib/BaseLib/OUTPUT/BaseLib.lib(WriteTr.obj)
 .rel.iplt      0x0000000000000cd4        0x0 /workspace/edk2/Build/MdeModule/DEBUG_GCC5/IA32/MdePkg/Library/BaseLib/BaseLib/OUTPUT/BaseLib.lib(WriteTr.obj)

.eh_frame
 *(.eh_frame)

.rela
 *(.rela .rela.*)

.hii
 *(.hii)

.build-id       0x0000000000000cd4       0x24
 *(.note.gnu.build-id)
 .note.gnu.build-id
                0x0000000000000cd4       0x24 LoadFileOnFv2.obj (symbol from plugin)

/DISCARD/
 *(.note.GNU-stack)
 *(.gnu_debuglink)
 *(.interp)
 *(.dynsym)
 *(.dynstr)
 *(.dynamic)
 *(.hash .gnu.hash)
 *(.comment)
 *(COMMON)
OUTPUT(/workspace/edk2/Build/MdeModule/DEBUG_GCC5/IA32/MdeModulePkg/Universal/LoadFileOnFv2/LoadFileOnFv2/DEBUG/LoadFileOnFv2.dll elf32-i386)

.debug_info     0x0000000000000000    0x16b74
 .debug_info    0x0000000000000000     0x1460 /tmp/LoadFileOnFv2.dll.qW58Ph.ltrans0.ltrans.o
 .debug_info    0x0000000000001460     0x22db /tmp/ccprk83g.debug.temp.o
                0x0000000000001460                LoadFileOnFv2.c.1df9ea85
 .debug_info    0x000000000000373b     0x1c8e /tmp/ccRF2Gkg.debug.temp.o
                0x000000000000373b                AutoGen.c.6f65ad51
 .debug_info    0x00000000000053c9      0x90a /tmp/ccaJ219e.debug.temp.o
                0x00000000000053c9                PcdLib.c.88f719fa
 .debug_info    0x0000000000005cd3      0x450 /tmp/ccILKjUh.debug.temp.o
                0x0000000000005cd3                CheckSum.c.b26cbbfe
 .debug_info    0x0000000000006123      0x24b /tmp/ccE3rTVi.debug.temp.o
                0x0000000000006123                LongJump.c.d616e73e
 .debug_info    0x000000000000636e      0x23f /tmp/ccoMhw3h.debug.temp.o
                0x000000000000636e                SetJump.c.116594fb
 .debug_info    0x00000000000065ad      0x1d4 /tmp/ccqeckXg.debug.temp.o
                0x00000000000065ad                LShiftU64.c.04a40713
 .debug_info    0x0000000000006781      0x421 /tmp/ccjsctai.debug.temp.o
                0x0000000000006781                LinkedList.c.7f3ad5b3
 .debug_info    0x0000000000006ba2      0x7ec /tmp/ccOc5zgj.debug.temp.o
                0x0000000000006ba2                String.c.5a26df20
 .debug_info    0x000000000000738e      0x2e9 /tmp/ccHorUWh.debug.temp.o
                0x000000000000738e                Unaligned.c.20872fbd
 .debug_info    0x0000000000007677      0x1d4 /tmp/ccG5Lubf.debug.temp.o
                0x0000000000007677                SetMem.c.c7aff6ac
 .debug_info    0x000000000000784b      0x173 /tmp/ccWS1uch.debug.temp.o
                0x000000000000784b                ZeroMemWrapper.c.c5b452da
 .debug_info    0x00000000000079be      0x18a /tmp/ccRBwmHf.debug.temp.o
                0x00000000000079be                CopyMemWrapper.c.9ddc8995
 .debug_info    0x0000000000007b48      0x3e8 /tmp/ccYy75ph.debug.temp.o
                0x0000000000007b48                MemLibGeneric.c.ba806d7a
 .debug_info    0x0000000000007f30      0x25e /tmp/cc82fUmf.debug.temp.o
                0x0000000000007f30                MemLibGuid.c.77c46ffe
 .debug_info    0x000000000000818e      0x214 /tmp/ccL5qigi.debug.temp.o
                0x000000000000818e                CopyMem.c.aff69236
 .debug_info    0x00000000000083a2      0x2b3 /tmp/ccZxz7Qe.debug.temp.o
                0x00000000000083a2                DebugLib.c.c3644e1e
 .debug_info    0x0000000000008655     0x18ca /tmp/ccdLJ9sg.debug.temp.o
                0x0000000000008655                UefiBootServicesTableLib.c.5743f750
 .debug_info    0x0000000000009f1f     0x1dbd /tmp/ccVRlDlh.debug.temp.o
                0x0000000000009f1f                MemoryAllocationLib.c.619f64ae
 .debug_info    0x000000000000bcdc     0x189b /tmp/ccb9Lc1g.debug.temp.o
                0x000000000000bcdc                UefiRuntimeServicesTableLib.c.a067149d
 .debug_info    0x000000000000d577     0x1dab /tmp/ccsAWS8i.debug.temp.o
                0x000000000000d577                DevicePathUtilities.c.9c274492
 .debug_info    0x000000000000f322     0x1ae7 /tmp/ccay7Meh.debug.temp.o
                0x000000000000f322                UefiDevicePathLib.c.b50637b0
 .debug_info    0x0000000000010e09     0x1be3 /tmp/cc9roh1i.debug.temp.o
                0x0000000000010e09                UefiNotTiano.c.04aff070
 .debug_info    0x00000000000129ec     0x2754 /tmp/ccaLWYXi.debug.temp.o
                0x00000000000129ec                UefiLib.c.fa13c6cf
 .debug_info    0x0000000000015140     0x1a34 /tmp/ccmXTTEg.debug.temp.o
                0x0000000000015140                DriverEntryPoint.c.e5522af3

.debug_abbrev   0x0000000000000000     0x239e
 .debug_abbrev  0x0000000000000000      0x1ac /tmp/LoadFileOnFv2.dll.qW58Ph.ltrans0.ltrans.o
 .debug_abbrev  0x00000000000001ac      0x242 /tmp/ccprk83g.debug.temp.o
 .debug_abbrev  0x00000000000003ee      0x229 /tmp/ccRF2Gkg.debug.temp.o
 .debug_abbrev  0x0000000000000617      0x177 /tmp/ccaJ219e.debug.temp.o
 .debug_abbrev  0x000000000000078e      0x13e /tmp/ccILKjUh.debug.temp.o
 .debug_abbrev  0x00000000000008cc       0xc2 /tmp/ccE3rTVi.debug.temp.o
 .debug_abbrev  0x000000000000098e       0xc2 /tmp/ccoMhw3h.debug.temp.o
 .debug_abbrev  0x0000000000000a50       0xb1 /tmp/ccqeckXg.debug.temp.o
 .debug_abbrev  0x0000000000000b01      0x139 /tmp/ccjsctai.debug.temp.o
 .debug_abbrev  0x0000000000000c3a      0x126 /tmp/ccOc5zgj.debug.temp.o
 .debug_abbrev  0x0000000000000d60       0xb3 /tmp/ccHorUWh.debug.temp.o
 .debug_abbrev  0x0000000000000e13       0xc9 /tmp/ccG5Lubf.debug.temp.o
 .debug_abbrev  0x0000000000000edc       0xb1 /tmp/ccWS1uch.debug.temp.o
 .debug_abbrev  0x0000000000000f8d       0xb8 /tmp/ccRBwmHf.debug.temp.o
 .debug_abbrev  0x0000000000001045      0x114 /tmp/ccYy75ph.debug.temp.o
 .debug_abbrev  0x0000000000001159       0xce /tmp/cc82fUmf.debug.temp.o
 .debug_abbrev  0x0000000000001227       0xd5 /tmp/ccL5qigi.debug.temp.o
 .debug_abbrev  0x00000000000012fc      0x110 /tmp/ccZxz7Qe.debug.temp.o
 .debug_abbrev  0x000000000000140c      0x1bd /tmp/ccdLJ9sg.debug.temp.o
 .debug_abbrev  0x00000000000015c9      0x222 /tmp/ccVRlDlh.debug.temp.o
 .debug_abbrev  0x00000000000017eb      0x1a3 /tmp/ccb9Lc1g.debug.temp.o
 .debug_abbrev  0x000000000000198e      0x220 /tmp/ccsAWS8i.debug.temp.o
 .debug_abbrev  0x0000000000001bae      0x1de /tmp/ccay7Meh.debug.temp.o
 .debug_abbrev  0x0000000000001d8c      0x213 /tmp/cc9roh1i.debug.temp.o
 .debug_abbrev  0x0000000000001f9f      0x236 /tmp/ccaLWYXi.debug.temp.o
 .debug_abbrev  0x00000000000021d5      0x1c9 /tmp/ccmXTTEg.debug.temp.o

.debug_loc      0x0000000000000000     0x1c50
 .debug_loc     0x0000000000000000     0x1c50 /tmp/LoadFileOnFv2.dll.qW58Ph.ltrans0.ltrans.o

.debug_aranges  0x0000000000000000       0xc0
 .debug_aranges
                0x0000000000000000       0xc0 /tmp/LoadFileOnFv2.dll.qW58Ph.ltrans0.ltrans.o

.debug_ranges   0x0000000000000000      0x800
 .debug_ranges  0x0000000000000000      0x800 /tmp/LoadFileOnFv2.dll.qW58Ph.ltrans0.ltrans.o

.debug_line     0x0000000000000000     0x440c
 .debug_line    0x0000000000000000     0x15ac /tmp/LoadFileOnFv2.dll.qW58Ph.ltrans0.ltrans.o
 .debug_line    0x00000000000015ac      0x39a /tmp/ccprk83g.debug.temp.o
 .debug_line    0x0000000000001946      0x299 /tmp/ccRF2Gkg.debug.temp.o
 .debug_line    0x0000000000001bdf      0x15b /tmp/ccaJ219e.debug.temp.o
 .debug_line    0x0000000000001d3a      0x115 /tmp/ccILKjUh.debug.temp.o
 .debug_line    0x0000000000001e4f      0x149 /tmp/ccE3rTVi.debug.temp.o
 .debug_line    0x0000000000001f98      0x148 /tmp/ccoMhw3h.debug.temp.o
 .debug_line    0x00000000000020e0      0x116 /tmp/ccqeckXg.debug.temp.o
 .debug_line    0x00000000000021f6      0x117 /tmp/ccjsctai.debug.temp.o
 .debug_line    0x000000000000230d      0x113 /tmp/ccOc5zgj.debug.temp.o
 .debug_line    0x0000000000002420      0x116 /tmp/ccHorUWh.debug.temp.o
 .debug_line    0x0000000000002536      0x125 /tmp/ccG5Lubf.debug.temp.o
 .debug_line    0x000000000000265b      0x12d /tmp/ccWS1uch.debug.temp.o
 .debug_line    0x0000000000002788      0x12d /tmp/ccRBwmHf.debug.temp.o
 .debug_line    0x00000000000028b5      0x12c /tmp/ccYy75ph.debug.temp.o
 .debug_line    0x00000000000029e1      0x129 /tmp/cc82fUmf.debug.temp.o
 .debug_line    0x0000000000002b0a      0x126 /tmp/ccL5qigi.debug.temp.o
 .debug_line    0x0000000000002c30      0x130 /tmp/ccZxz7Qe.debug.temp.o
 .debug_line    0x0000000000002d60      0x2c4 /tmp/ccdLJ9sg.debug.temp.o
 .debug_line    0x0000000000003024      0x2bc /tmp/ccVRlDlh.debug.temp.o
 .debug_line    0x00000000000032e0      0x28b /tmp/ccb9Lc1g.debug.temp.o
 .debug_line    0x000000000000356b      0x300 /tmp/ccsAWS8i.debug.temp.o
 .debug_line    0x000000000000386b      0x2fe /tmp/ccay7Meh.debug.temp.o
 .debug_line    0x0000000000003b69      0x2d5 /tmp/cc9roh1i.debug.temp.o
 .debug_line    0x0000000000003e3e      0x2f3 /tmp/ccaLWYXi.debug.temp.o
 .debug_line    0x0000000000004131      0x2db /tmp/ccmXTTEg.debug.temp.o

.debug_str      0x0000000000000000     0x4420
 .debug_str     0x0000000000000000      0x199 /tmp/LoadFileOnFv2.dll.qW58Ph.ltrans0.ltrans.o
 .debug_str     0x0000000000000199     0x1b7c /tmp/ccprk83g.debug.temp.o
                                       0x1ded (size before relaxing)
 .debug_str     0x0000000000001d15      0x347 /tmp/ccRF2Gkg.debug.temp.o
                                       0x1abb (size before relaxing)
 .debug_str     0x000000000000205c      0x3c4 /tmp/ccaJ219e.debug.temp.o
                                        0x60d (size before relaxing)
 .debug_str     0x0000000000002420      0x124 /tmp/ccILKjUh.debug.temp.o
                                        0x48d (size before relaxing)
 .debug_str     0x0000000000002544       0x54 /tmp/ccE3rTVi.debug.temp.o
                                        0x3f4 (size before relaxing)
 .debug_str     0x0000000000002598       0x4a /tmp/ccoMhw3h.debug.temp.o
                                        0x3fd (size before relaxing)
 .debug_str     0x00000000000025e2       0x3b /tmp/ccqeckXg.debug.temp.o
                                        0x3da (size before relaxing)
 .debug_str     0x000000000000261d      0x10c /tmp/ccjsctai.debug.temp.o
                                        0x4e6 (size before relaxing)
 .debug_str     0x0000000000002729      0x2f3 /tmp/ccOc5zgj.debug.temp.o
                                        0x757 (size before relaxing)
 .debug_str     0x0000000000002a1c       0xb7 /tmp/ccHorUWh.debug.temp.o
                                        0x44d (size before relaxing)
 .debug_str     0x0000000000002ad3       0xd0 /tmp/ccG5Lubf.debug.temp.o
                                        0x2e8 (size before relaxing)
 .debug_str     0x0000000000002ba3       0x3e /tmp/ccWS1uch.debug.temp.o
                                        0x2bb (size before relaxing)
 .debug_str     0x0000000000002be1       0x5d /tmp/ccRBwmHf.debug.temp.o
                                        0x2d3 (size before relaxing)
 .debug_str     0x0000000000002c3e      0x118 /tmp/ccYy75ph.debug.temp.o
                                        0x3d0 (size before relaxing)
 .debug_str     0x0000000000002d56       0xe1 /tmp/cc82fUmf.debug.temp.o
                                        0x367 (size before relaxing)
 .debug_str     0x0000000000002e37       0x97 /tmp/ccL5qigi.debug.temp.o
                                        0x31c (size before relaxing)
 .debug_str     0x0000000000002ece      0x1aa /tmp/ccZxz7Qe.debug.temp.o
                                        0x3cd (size before relaxing)
 .debug_str     0x0000000000003078       0xe8 /tmp/ccdLJ9sg.debug.temp.o
                                       0x1505 (size before relaxing)
 .debug_str     0x0000000000003160      0x2eb /tmp/ccVRlDlh.debug.temp.o
                                       0x176b (size before relaxing)
 .debug_str     0x000000000000344b       0xf7 /tmp/ccb9Lc1g.debug.temp.o
                                       0x1507 (size before relaxing)
 .debug_str     0x0000000000003542      0x3ff /tmp/ccsAWS8i.debug.temp.o
                                       0x1934 (size before relaxing)
 .debug_str     0x0000000000003941       0xde /tmp/ccay7Meh.debug.temp.o
                                       0x1770 (size before relaxing)
 .debug_str     0x0000000000003a1f      0x298 /tmp/cc9roh1i.debug.temp.o
                                       0x1a01 (size before relaxing)
 .debug_str     0x0000000000003cb7      0x60e /tmp/ccaLWYXi.debug.temp.o
                                       0x201d (size before relaxing)
 .debug_str     0x00000000000042c5      0x15b /tmp/ccmXTTEg.debug.temp.o
                                       0x1622 (size before relaxing)

.debug_frame    0x0000000000000000      0x2e0
 .debug_frame   0x0000000000000000      0x2e0 /tmp/LoadFileOnFv2.dll.qW58Ph.ltrans0.ltrans.o
