Archive member included to satisfy reference by file (symbol)

/workspace/edk2/Build/MdeModule/DEBUG_GCC5/IA32/MdeModulePkg/Universal/FaultTolerantWriteDxe/FaultTolerantWriteSmmDxe/OUTPUT/FaultTolerantWriteSmmDxe.lib(FaultTolerantWriteSmmDxe.obj)
                              (--whole-archive)
/workspace/edk2/Build/MdeModule/DEBUG_GCC5/IA32/MdeModulePkg/Universal/FaultTolerantWriteDxe/FaultTolerantWriteSmmDxe/OUTPUT/FaultTolerantWriteSmmDxe.lib(AutoGen.obj)
                              (--whole-archive)
/workspace/edk2/Build/MdeModule/DEBUG_GCC5/IA32/MdePkg/Library/BaseMemoryLib/BaseMemoryLib/OUTPUT/BaseMemoryLib.lib(SetMem.obj)
                              (--whole-archive)
/workspace/edk2/Build/MdeModule/DEBUG_GCC5/IA32/MdePkg/Library/BaseMemoryLib/BaseMemoryLib/OUTPUT/BaseMemoryLib.lib(ScanMem64Wrapper.obj)
                              (--whole-archive)
/workspace/edk2/Build/MdeModule/DEBUG_GCC5/IA32/MdePkg/Library/BaseMemoryLib/BaseMemoryLib/OUTPUT/BaseMemoryLib.lib(ScanMem32Wrapper.obj)
                              (--whole-archive)
/workspace/edk2/Build/MdeModule/DEBUG_GCC5/IA32/MdePkg/Library/BaseMemoryLib/BaseMemoryLib/OUTPUT/BaseMemoryLib.lib(ScanMem16Wrapper.obj)
                              (--whole-archive)
/workspace/edk2/Build/MdeModule/DEBUG_GCC5/IA32/MdePkg/Library/BaseMemoryLib/BaseMemoryLib/OUTPUT/BaseMemoryLib.lib(ScanMem8Wrapper.obj)
                              (--whole-archive)
/workspace/edk2/Build/MdeModule/DEBUG_GCC5/IA32/MdePkg/Library/BaseMemoryLib/BaseMemoryLib/OUTPUT/BaseMemoryLib.lib(ZeroMemWrapper.obj)
                              (--whole-archive)
/workspace/edk2/Build/MdeModule/DEBUG_GCC5/IA32/MdePkg/Library/BaseMemoryLib/BaseMemoryLib/OUTPUT/BaseMemoryLib.lib(CompareMemWrapper.obj)
                              (--whole-archive)
/workspace/edk2/Build/MdeModule/DEBUG_GCC5/IA32/MdePkg/Library/BaseMemoryLib/BaseMemoryLib/OUTPUT/BaseMemoryLib.lib(SetMem64Wrapper.obj)
                              (--whole-archive)
/workspace/edk2/Build/MdeModule/DEBUG_GCC5/IA32/MdePkg/Library/BaseMemoryLib/BaseMemoryLib/OUTPUT/BaseMemoryLib.lib(SetMem32Wrapper.obj)
                              (--whole-archive)
/workspace/edk2/Build/MdeModule/DEBUG_GCC5/IA32/MdePkg/Library/BaseMemoryLib/BaseMemoryLib/OUTPUT/BaseMemoryLib.lib(SetMem16Wrapper.obj)
                              (--whole-archive)
/workspace/edk2/Build/MdeModule/DEBUG_GCC5/IA32/MdePkg/Library/BaseMemoryLib/BaseMemoryLib/OUTPUT/BaseMemoryLib.lib(SetMemWrapper.obj)
                              (--whole-archive)
/workspace/edk2/Build/MdeModule/DEBUG_GCC5/IA32/MdePkg/Library/BaseMemoryLib/BaseMemoryLib/OUTPUT/BaseMemoryLib.lib(CopyMemWrapper.obj)
                              (--whole-archive)
/workspace/edk2/Build/MdeModule/DEBUG_GCC5/IA32/MdePkg/Library/BaseMemoryLib/BaseMemoryLib/OUTPUT/BaseMemoryLib.lib(IsZeroBufferWrapper.obj)
                              (--whole-archive)
/workspace/edk2/Build/MdeModule/DEBUG_GCC5/IA32/MdePkg/Library/BaseMemoryLib/BaseMemoryLib/OUTPUT/BaseMemoryLib.lib(MemLibGeneric.obj)
                              (--whole-archive)
/workspace/edk2/Build/MdeModule/DEBUG_GCC5/IA32/MdePkg/Library/BaseMemoryLib/BaseMemoryLib/OUTPUT/BaseMemoryLib.lib(MemLibGuid.obj)
                              (--whole-archive)
/workspace/edk2/Build/MdeModule/DEBUG_GCC5/IA32/MdePkg/Library/BaseMemoryLib/BaseMemoryLib/OUTPUT/BaseMemoryLib.lib(CopyMem.obj)
                              (--whole-archive)
/workspace/edk2/Build/MdeModule/DEBUG_GCC5/IA32/MdePkg/Library/BasePcdLibNull/BasePcdLibNull/OUTPUT/BasePcdLibNull.lib(PcdLib.obj)
                              (--whole-archive)
/workspace/edk2/Build/MdeModule/DEBUG_GCC5/IA32/MdePkg/Library/BaseDebugLibNull/BaseDebugLibNull/OUTPUT/BaseDebugLibNull.lib(DebugLib.obj)
                              (--whole-archive)
/workspace/edk2/Build/MdeModule/DEBUG_GCC5/IA32/MdePkg/Library/BaseLib/BaseLib/OUTPUT/BaseLib.lib(CheckSum.obj)
                              (--whole-archive)
/workspace/edk2/Build/MdeModule/DEBUG_GCC5/IA32/MdePkg/Library/BaseLib/BaseLib/OUTPUT/BaseLib.lib(SwitchStack.obj)
                              (--whole-archive)
/workspace/edk2/Build/MdeModule/DEBUG_GCC5/IA32/MdePkg/Library/BaseLib/BaseLib/OUTPUT/BaseLib.lib(SwapBytes64.obj)
                              (--whole-archive)
/workspace/edk2/Build/MdeModule/DEBUG_GCC5/IA32/MdePkg/Library/BaseLib/BaseLib/OUTPUT/BaseLib.lib(SwapBytes32.obj)
                              (--whole-archive)
/workspace/edk2/Build/MdeModule/DEBUG_GCC5/IA32/MdePkg/Library/BaseLib/BaseLib/OUTPUT/BaseLib.lib(SwapBytes16.obj)
                              (--whole-archive)
/workspace/edk2/Build/MdeModule/DEBUG_GCC5/IA32/MdePkg/Library/BaseLib/BaseLib/OUTPUT/BaseLib.lib(LongJump.obj)
                              (--whole-archive)
/workspace/edk2/Build/MdeModule/DEBUG_GCC5/IA32/MdePkg/Library/BaseLib/BaseLib/OUTPUT/BaseLib.lib(SetJump.obj)
                              (--whole-archive)
[...]
Memory Configuration

Name             Origin             Length             Attributes
*default*        0x0000000000000000 0xffffffffffffffff

Linker script and memory map

START GROUP
LOAD /tmp/FaultTolerantWriteSmmDxe.dll.cAw6W6.ltrans0.ltrans.o
LOAD /tmp/ccBx3rv7.debug.temp.o
LOAD /tmp/ccz4MvE7.debug.temp.o
LOAD /tmp/cc2lFPD8.debug.temp.o
LOAD /tmp/ccOF3k05.debug.temp.o
LOAD /tmp/cc6eAr46.debug.temp.o
LOAD /tmp/ccIC3F95.debug.temp.o
LOAD /tmp/ccmWT7e8.debug.temp.o
LOAD /tmp/cctWNA78.debug.temp.o
LOAD /tmp/ccirS9M8.debug.temp.o
LOAD /tmp/ccL2BSD5.debug.temp.o
LOAD /tmp/cc7tOzm7.debug.temp.o
LOAD /tmp/ccLxI374.debug.temp.o
LOAD /tmp/ccFv72w5.debug.temp.o
LOAD /tmp/ccfWfBy6.debug.temp.o
LOAD /tmp/ccPm3h58.debug.temp.o
LOAD /tmp/ccMVEdq5.debug.temp.o
LOAD /tmp/ccN1cnP8.debug.temp.o
LOAD /tmp/ccRKmhk7.debug.temp.o
LOAD /tmp/ccPzyu34.debug.temp.o
LOAD /tmp/ccmg3Bv7.debug.temp.o
LOAD /tmp/ccxpEIu5.debug.temp.o
LOAD /tmp/ccJjjtz8.debug.temp.o
LOAD /tmp/cck2Hv78.debug.temp.o
LOAD /tmp/cc7WOj46.debug.temp.o
LOAD /tmp/ccGP0J25.debug.temp.o
LOAD /tmp/ccGoSbn6.debug.temp.o
LOAD /tmp/cckbQfu6.debug.temp.o
LOAD /tmp/ccy75Ti6.debug.temp.o
LOAD /tmp/ccCbIRR8.debug.temp.o
LOAD /tmp/ccihNMI8.debug.temp.o
LOAD /tmp/cclkqru9.debug.temp.o
LOAD /tmp/cc7ZbXB8.debug.temp.o
LOAD /tmp/ccRnuX54.debug.temp.o
LOAD /tmp/ccEXLeB9.debug.temp.o
LOAD /tmp/ccsddAq8.debug.temp.o
LOAD /tmp/cczG0on6.debug.temp.o
LOAD /tmp/ccROxpk7.debug.temp.o
LOAD /tmp/ccj6u706.debug.temp.o
LOAD /tmp/ccOQnXI6.debug.temp.o
LOAD /tmp/ccvkTap5.debug.temp.o
LOAD /tmp/cczxKg48.debug.temp.o
LOAD /tmp/cccFge77.debug.temp.o
LOAD /tmp/ccS4FCk5.debug.temp.o
LOAD /tmp/ccUpXuZ5.debug.temp.o
LOAD /tmp/ccSUZ0z9.debug.temp.o
LOAD /tmp/cc00BEX6.debug.temp.o
LOAD /tmp/cc5EFPf7.debug.temp.o
LOAD /tmp/ccEfi508.debug.temp.o
LOAD /tmp/ccPOXCk7.debug.temp.o
LOAD /tmp/ccJtTxv6.debug.temp.o
LOAD /tmp/ccCgHIK7.debug.temp.o
LOAD /tmp/ccIzLRL7.debug.temp.o
LOAD /tmp/cc5pFZl5.debug.temp.o
LOAD /tmp/ccpDTNO6.debug.temp.o
LOAD /tmp/ccwxTnp5.debug.temp.o
LOAD /tmp/ccXSno77.debug.temp.o
LOAD /tmp/ccUt3M34.debug.temp.o
LOAD /tmp/ccbJZHq8.debug.temp.o
LOAD /tmp/cciLtvs7.debug.temp.o
LOAD /tmp/ccXIdlV8.debug.temp.o
LOAD /tmp/cc1S83c8.debug.temp.o
LOAD /tmp/cca0mPX6.debug.temp.o
LOAD /tmp/ccu364t8.debug.temp.o
LOAD /tmp/cczjsI85.debug.temp.o
LOAD /tmp/ccQ5bZ08.debug.temp.o
LOAD /tmp/ccG4jZf7.debug.temp.o
LOAD /tmp/ccZxhAI5.debug.temp.o
LOAD /tmp/ccaKv8x7.debug.temp.o
LOAD /tmp/ccT3rSq6.debug.temp.o
LOAD /tmp/ccPxZdg7.debug.temp.o
LOAD /tmp/ccYICeg7.debug.temp.o
LOAD /tmp/ccRM5B26.debug.temp.o
LOAD /tmp/ccPo3zN8.debug.temp.o
LOAD /tmp/ccK4Aud6.debug.temp.o
LOAD /tmp/ccGZx8R8.debug.temp.o
LOAD /tmp/cct56837.debug.temp.o
LOAD /tmp/ccVSPOI5.debug.temp.o
LOAD /tmp/ccKUfPe9.debug.temp.o
LOAD /tmp/ccZzdLh8.debug.temp.o
LOAD /tmp/cc0mTCg8.debug.temp.o
LOAD /tmp/ccNIQaA6.debug.temp.o
LOAD /tmp/ccyIqrd6.debug.temp.o
LOAD /tmp/ccA9PCW8.debug.temp.o
LOAD /tmp/cc7FwS85.debug.temp.o
LOAD /tmp/ccWfGOH8.debug.temp.o
LOAD /tmp/ccxt5pT6.debug.temp.o
LOAD /tmp/ccZmZ4n7.debug.temp.o
LOAD /tmp/cc0S6B36.debug.temp.o
LOAD /tmp/cc6cjA65.debug.temp.o
LOAD /tmp/ccQoONU6.debug.temp.o
LOAD /tmp/ccKJS7u7.debug.temp.o
LOAD /tmp/ccYz5VQ5.debug.temp.o
LOAD /tmp/ccOYUa37.debug.temp.o
LOAD /workspace/edk2/Build/MdeModule/DEBUG_GCC5/IA32/MdeModulePkg/Universal/FaultTolerantWriteDxe/FaultTolerantWriteSmmDxe/OUTPUT/FaultTolerantWriteSmmDxe.lib
LOAD /workspace/edk2/Build/MdeModule/DEBUG_GCC5/IA32/MdePkg/Library/BaseMemoryLib/BaseMemoryLib/OUTPUT/BaseMemoryLib.lib
LOAD /workspace/edk2/Build/MdeModule/DEBUG_GCC5/IA32/MdePkg/Library/BasePcdLibNull/BasePcdLibNull/OUTPUT/BasePcdLibNull.lib
LOAD /workspace/edk2/Build/MdeModule/DEBUG_GCC5/IA32/MdePkg/Library/BaseDebugLibNull/BaseDebugLibNull/OUTPUT/BaseDebugLibNull.lib
LOAD /workspace/edk2/Build/MdeModule/DEBUG_GCC5/IA32/MdePkg/Library/BaseLib/BaseLib/OUTPUT/BaseLib.lib
LOAD /workspace/edk2/Build/MdeModule/DEBUG_GCC5/IA32/MdePkg/Library/UefiBootServicesTableLib/UefiBootServicesTableLib/OUTPUT/UefiBootServicesTableLib.lib
LOAD /workspace/edk2/Build/MdeModule/DEBUG_GCC5/IA32/MdePkg/Library/UefiMemoryAllocationLib/UefiMemoryAllocationLib/OUTPUT/UefiMemoryAllocationLib.lib
LOAD /workspace/edk2/Build/MdeModule/DEBUG_GCC5/IA32/MdePkg/Library/BasePrintLib/BasePrintLib/OUTPUT/BasePrintLib.lib
LOAD /workspace/edk2/Build/MdeModule/DEBUG_GCC5/IA32/MdePkg/Library/UefiRuntimeServicesTableLib/UefiRuntimeServicesTableLib/OUTPUT/UefiRuntimeServicesTableLib.lib
LOAD /workspace/edk2/Build/MdeModule/DEBUG_GCC5/IA32/MdePkg/Library/UefiDevicePathLib/UefiDevicePathLib/OUTPUT/UefiDevicePathLib.lib
LOAD /workspace/edk2/Build/MdeModule/DEBUG_GCC5/IA32/MdePkg/Library/UefiLib/UefiLib/OUTPUT/UefiLib.lib
LOAD /workspace/edk2/Build/MdeModule/DEBUG_GCC5/IA32/MdePkg/Library/DxeServicesTableLib/DxeServicesTableLib/OUTPUT/DxeServicesTableLib.lib
LOAD /workspace/edk2/Build/MdeModule/DEBUG_GCC5/IA32/MdePkg/Library/UefiDriverEntryPoint/UefiDriverEntryPoint/OUTPUT/UefiDriverEntryPoint.lib
END GROUP
                0x0000000000000220                PECOFF_HEADER_SIZE = 0x220
                0x0000000000000220                . = PECOFF_HEADER_SIZE

.text           0x0000000000000240      0x80b
 *(.text .text.* .stub .gnu.linkonce.t.*)
 .text.FreePool
                0x0000000000000240        0x8 /tmp/FaultTolerantWriteSmmDxe.dll.cAw6W6.ltrans0.ltrans.o
 .text.CopyGuid
                0x0000000000000248       0x25 /tmp/FaultTolerantWriteSmmDxe.dll.cAw6W6.ltrans0.ltrans.o
 .text.CopyMem.part.0
                0x000000000000026d      0x1f1 /tmp/FaultTolerantWriteSmmDxe.dll.cAw6W6.ltrans0.ltrans.o
 .text.SmmFtwReady
                0x000000000000045e       0x6b /tmp/FaultTolerantWriteSmmDxe.dll.cAw6W6.ltrans0.ltrans.o
 .text.ConvertFvbHandle
                0x00000000000004c9       0x49 /tmp/FaultTolerantWriteSmmDxe.dll.cAw6W6.ltrans0.ltrans.o
 .text.SendCommunicateBuffer
                0x0000000000000512       0x25 /tmp/FaultTolerantWriteSmmDxe.dll.cAw6W6.ltrans0.ltrans.o
 .text.InitCommunicateBuffer
                0x0000000000000537      0x10b /tmp/FaultTolerantWriteSmmDxe.dll.cAw6W6.ltrans0.ltrans.o
 .text.FtwGetLastWrite
                0x0000000000000642       0xcd /tmp/FaultTolerantWriteSmmDxe.dll.cAw6W6.ltrans0.ltrans.o
 .text.FtwAbort
                0x000000000000070f       0x33 /tmp/FaultTolerantWriteSmmDxe.dll.cAw6W6.ltrans0.ltrans.o
 .text.FtwRestart
                0x0000000000000742       0x69 /tmp/FaultTolerantWriteSmmDxe.dll.cAw6W6.ltrans0.ltrans.o
 .text.FtwWrite
                0x00000000000007ab       0xf4 /tmp/FaultTolerantWriteSmmDxe.dll.cAw6W6.ltrans0.ltrans.o
 .text.FtwAllocate
                0x000000000000089f       0x69 /tmp/FaultTolerantWriteSmmDxe.dll.cAw6W6.ltrans0.ltrans.o
 .text.FtwGetMaxBlockSize
                0x0000000000000908       0x44 /tmp/FaultTolerantWriteSmmDxe.dll.cAw6W6.ltrans0.ltrans.o
 .text._ModuleEntryPoint
                0x000000000000094c       0xdd /tmp/FaultTolerantWriteSmmDxe.dll.cAw6W6.ltrans0.ltrans.o
                0x000000000000094c                _ModuleEntryPoint
 *fill*         0x0000000000000a29        0x7 
 .text          0x0000000000000a30       0x1b /workspace/edk2/Build/MdeModule/DEBUG_GCC5/IA32/MdePkg/Library/BaseLib/BaseLib/OUTPUT/BaseLib.lib(LShiftU64.obj)
                0x0000000000000a30                InternalMathLShiftU64
 *(.rodata .rodata.* .gnu.linkonce.r.*)
 *(.got .got.*)
 .got           0x0000000000000a4b        0x0 /workspace/edk2/Build/MdeModule/DEBUG_GCC5/IA32/MdePkg/Library/BaseLib/BaseLib/OUTPUT/BaseLib.lib(WriteTr.obj)
 .got.plt       0x0000000000000a4b        0x0 /workspace/edk2/Build/MdeModule/DEBUG_GCC5/IA32/MdePkg/Library/BaseLib/BaseLib/OUTPUT/BaseLib.lib(WriteTr.obj)
 *:AutoGen.obj(.data.g*Guid)

.iplt           0x0000000000000a4b        0x0
 .iplt          0x0000000000000a4b        0x0 /workspace/edk2/Build/MdeModule/DEBUG_GCC5/IA32/MdePkg/Library/BaseLib/BaseLib/OUTPUT/BaseLib.lib(WriteTr.obj)

.data           0x0000000000000a80       0x88
 *(.data .data.* .gnu.linkonce.d.*)
 .data.gEfiFirmwareVolumeBlockProtocolGuid
                0x0000000000000a80       0x10 /tmp/FaultTolerantWriteSmmDxe.dll.cAw6W6.ltrans0.ltrans.o
 .data.mFaultTolerantWriteDriver
                0x0000000000000a90       0x18 /tmp/FaultTolerantWriteSmmDxe.dll.cAw6W6.ltrans0.ltrans.o
 .data.gEfiMmCommunication2ProtocolGuid
                0x0000000000000aa8       0x10 /tmp/FaultTolerantWriteSmmDxe.dll.cAw6W6.ltrans0.ltrans.o
 .data.gEfiFaultTolerantWriteProtocolGuid
                0x0000000000000ab8       0x10 /tmp/FaultTolerantWriteSmmDxe.dll.cAw6W6.ltrans0.ltrans.o
 .data.gEfiDxeServicesTableGuid
                0x0000000000000ac8       0x10 /tmp/FaultTolerantWriteSmmDxe.dll.cAw6W6.ltrans0.ltrans.o
 .data.gEfiSmmFaultTolerantWriteProtocolGuid
                0x0000000000000ad8       0x10 /tmp/FaultTolerantWriteSmmDxe.dll.cAw6W6.ltrans0.ltrans.o
 *(.bss .bss.*)
 .bss.mPrivateDataSize
                0x0000000000000ae8        0x4 /tmp/FaultTolerantWriteSmmDxe.dll.cAw6W6.ltrans0.ltrans.o
 .bss.mHandle   0x0000000000000aec        0x4 /tmp/FaultTolerantWriteSmmDxe.dll.cAw6W6.ltrans0.ltrans.o
 .bss.mMmCommunication2
                0x0000000000000af0        0x4 /tmp/FaultTolerantWriteSmmDxe.dll.cAw6W6.ltrans0.ltrans.o
 .bss.gImageHandle
                0x0000000000000af4        0x4 /tmp/FaultTolerantWriteSmmDxe.dll.cAw6W6.ltrans0.ltrans.o
 .bss.gRT       0x0000000000000af8        0x4 /tmp/FaultTolerantWriteSmmDxe.dll.cAw6W6.ltrans0.ltrans.o
 .bss.gST       0x0000000000000afc        0x4 /tmp/FaultTolerantWriteSmmDxe.dll.cAw6W6.ltrans0.ltrans.o
 .bss.gDS       0x0000000000000b00        0x4 /tmp/FaultTolerantWriteSmmDxe.dll.cAw6W6.ltrans0.ltrans.o
 .bss.gBS       0x0000000000000b04        0x4 /tmp/FaultTolerantWriteSmmDxe.dll.cAw6W6.ltrans0.ltrans.o

.igot.plt       0x0000000000000b08        0x0
 .igot.plt      0x0000000000000b08        0x0 /workspace/edk2/Build/MdeModule/DEBUG_GCC5/IA32/MdePkg/Library/BaseLib/BaseLib/OUTPUT/BaseLib.lib(WriteTr.obj)

.rel.dyn        0x0000000000000b08        0x0
 .rel.got       0x0000000000000b08        0x0 /workspace/edk2/Build/MdeModule/DEBUG_GCC5/IA32/MdePkg/Library/BaseLib/BaseLib/OUTPUT/BaseLib.lib(WriteTr.obj)
 .rel.iplt      0x0000000000000b08        0x0 /workspace/edk2/Build/MdeModule/DEBUG_GCC5/IA32/MdePkg/Library/BaseLib/BaseLib/OUTPUT/BaseLib.lib(WriteTr.obj)

.eh_frame
 *(.eh_frame)

.rela
 *(.rela .rela.*)

.hii
 *(.hii)

.build-id       0x0000000000000b08       0x24
 *(.note.gnu.build-id)
 .note.gnu.build-id
                0x0000000000000b08       0x24 FaultTolerantWriteSmmDxe.obj (symbol from plugin)

/DISCARD/
 *(.note.GNU-stack)
 *(.gnu_debuglink)
 *(.interp)
 *(.dynsym)
 *(.dynstr)
 *(.dynamic)
 *(.hash .gnu.hash)
 *(.comment)
 *(COMMON)
OUTPUT(/workspace/edk2/Build/MdeModule/DEBUG_GCC5/IA32/MdeModulePkg/Universal/FaultTolerantWriteDxe/FaultTolerantWriteSmmDxe/DEBUG/FaultTolerantWriteSmmDxe.dll elf32-i386)

.debug_info     0x0000000000000000    0x11822
 .debug_info    0x0000000000000000      0xeab /tmp/FaultTolerantWriteSmmDxe.dll.cAw6W6.ltrans0.ltrans.o
 .debug_info    0x0000000000000eab     0x2479 /tmp/ccBx3rv7.debug.temp.o
                0x0000000000000eab                FaultTolerantWriteSmmDxe.c.bafead18
 .debug_info    0x0000000000003324     0x1ca4 /tmp/ccz4MvE7.debug.temp.o
                0x0000000000003324                AutoGen.c.a8b40d72
 .debug_info    0x0000000000004fc8      0x1d4 /tmp/cc2lFPD8.debug.temp.o
                0x0000000000004fc8                SetMem.c.c7aff6ac
 .debug_info    0x000000000000519c      0x173 /tmp/cctWNA78.debug.temp.o
                0x000000000000519c                ZeroMemWrapper.c.c5b452da
 .debug_info    0x000000000000530f      0x18a /tmp/ccfWfBy6.debug.temp.o
                0x000000000000530f                CopyMemWrapper.c.9ddc8995
 .debug_info    0x0000000000005499      0x3e8 /tmp/ccMVEdq5.debug.temp.o
                0x0000000000005499                MemLibGeneric.c.ba806d7a
 .debug_info    0x0000000000005881      0x25e /tmp/ccN1cnP8.debug.temp.o
                0x0000000000005881                MemLibGuid.c.77c46ffe
 .debug_info    0x0000000000005adf      0x214 /tmp/ccRKmhk7.debug.temp.o
                0x0000000000005adf                CopyMem.c.aff69236
 .debug_info    0x0000000000005cf3      0x2b3 /tmp/ccmg3Bv7.debug.temp.o
                0x0000000000005cf3                DebugLib.c.c3644e1e
 .debug_info    0x0000000000005fa6      0x24b /tmp/ccGoSbn6.debug.temp.o
                0x0000000000005fa6                LongJump.c.d616e73e
 .debug_info    0x00000000000061f1      0x23f /tmp/cckbQfu6.debug.temp.o
                0x00000000000061f1                SetJump.c.116594fb
 .debug_info    0x0000000000006430      0x1d4 /tmp/ccsddAq8.debug.temp.o
                0x0000000000006430                LShiftU64.c.04a40713
 .debug_info    0x0000000000006604      0x2e9 /tmp/ccXIdlV8.debug.temp.o
                0x0000000000006604                Unaligned.c.20872fbd
 .debug_info    0x00000000000068ed     0x18ca /tmp/ccVSPOI5.debug.temp.o
                0x00000000000068ed                UefiBootServicesTableLib.c.5743f750
 .debug_info    0x00000000000081b7     0x1dbd /tmp/ccKUfPe9.debug.temp.o
                0x00000000000081b7                MemoryAllocationLib.c.619f64ae
 .debug_info    0x0000000000009f74     0x189b /tmp/ccNIQaA6.debug.temp.o
                0x0000000000009f74                UefiRuntimeServicesTableLib.c.a067149d
 .debug_info    0x000000000000b80f     0x2754 /tmp/ccQoONU6.debug.temp.o
                0x000000000000b80f                UefiLib.c.fa13c6cf
 .debug_info    0x000000000000df63     0x1e8b /tmp/ccYz5VQ5.debug.temp.o
                0x000000000000df63                DxeServicesTableLib.c.a6dc3c62
 .debug_info    0x000000000000fdee     0x1a34 /tmp/ccOYUa37.debug.temp.o
                0x000000000000fdee                DriverEntryPoint.c.e5522af3

.debug_abbrev   0x0000000000000000     0x19d1
 .debug_abbrev  0x0000000000000000      0x12d /tmp/FaultTolerantWriteSmmDxe.dll.cAw6W6.ltrans0.ltrans.o
 .debug_abbrev  0x000000000000012d      0x23c /tmp/ccBx3rv7.debug.temp.o
 .debug_abbrev  0x0000000000000369      0x23c /tmp/ccz4MvE7.debug.temp.o
 .debug_abbrev  0x00000000000005a5       0xc9 /tmp/cc2lFPD8.debug.temp.o
 .debug_abbrev  0x000000000000066e       0xb1 /tmp/cctWNA78.debug.temp.o
 .debug_abbrev  0x000000000000071f       0xb8 /tmp/ccfWfBy6.debug.temp.o
 .debug_abbrev  0x00000000000007d7      0x114 /tmp/ccMVEdq5.debug.temp.o
 .debug_abbrev  0x00000000000008eb       0xce /tmp/ccN1cnP8.debug.temp.o
 .debug_abbrev  0x00000000000009b9       0xd5 /tmp/ccRKmhk7.debug.temp.o
 .debug_abbrev  0x0000000000000a8e      0x110 /tmp/ccmg3Bv7.debug.temp.o
 .debug_abbrev  0x0000000000000b9e       0xc2 /tmp/ccGoSbn6.debug.temp.o
 .debug_abbrev  0x0000000000000c60       0xc2 /tmp/cckbQfu6.debug.temp.o
 .debug_abbrev  0x0000000000000d22       0xb1 /tmp/ccsddAq8.debug.temp.o
 .debug_abbrev  0x0000000000000dd3       0xb3 /tmp/ccXIdlV8.debug.temp.o
 .debug_abbrev  0x0000000000000e86      0x1bd /tmp/ccVSPOI5.debug.temp.o
 .debug_abbrev  0x0000000000001043      0x222 /tmp/ccKUfPe9.debug.temp.o
 .debug_abbrev  0x0000000000001265      0x1a3 /tmp/ccNIQaA6.debug.temp.o
 .debug_abbrev  0x0000000000001408      0x236 /tmp/ccQoONU6.debug.temp.o
 .debug_abbrev  0x000000000000163e      0x1ca /tmp/ccYz5VQ5.debug.temp.o
 .debug_abbrev  0x0000000000001808      0x1c9 /tmp/ccOYUa37.debug.temp.o

.debug_loc      0x0000000000000000     0x1582
 .debug_loc     0x0000000000000000     0x1582 /tmp/FaultTolerantWriteSmmDxe.dll.cAw6W6.ltrans0.ltrans.o

.debug_aranges  0x0000000000000000       0x98
 .debug_aranges
                0x0000000000000000       0x98 /tmp/FaultTolerantWriteSmmDxe.dll.cAw6W6.ltrans0.ltrans.o

.debug_ranges   0x0000000000000000      0x5c0
 .debug_ranges  0x0000000000000000      0x5c0 /tmp/FaultTolerantWriteSmmDxe.dll.cAw6W6.ltrans0.ltrans.o

.debug_line     0x0000000000000000     0x351d
 .debug_line    0x0000000000000000      0xff5 /tmp/FaultTolerantWriteSmmDxe.dll.cAw6W6.ltrans0.ltrans.o
 .debug_line    0x0000000000000ff5      0x409 /tmp/ccBx3rv7.debug.temp.o
 .debug_line    0x00000000000013fe      0x2ac /tmp/ccz4MvE7.debug.temp.o
 .debug_line    0x00000000000016aa      0x125 /tmp/cc2lFPD8.debug.temp.o
 .debug_line    0x00000000000017cf      0x12d /tmp/cctWNA78.debug.temp.o
 .debug_line    0x00000000000018fc      0x12d /tmp/ccfWfBy6.debug.temp.o
 .debug_line    0x0000000000001a29      0x12c /tmp/ccMVEdq5.debug.temp.o
 .debug_line    0x0000000000001b55      0x129 /tmp/ccN1cnP8.debug.temp.o
 .debug_line    0x0000000000001c7e      0x126 /tmp/ccRKmhk7.debug.temp.o
 .debug_line    0x0000000000001da4      0x130 /tmp/ccmg3Bv7.debug.temp.o
 .debug_line    0x0000000000001ed4      0x149 /tmp/ccGoSbn6.debug.temp.o
 .debug_line    0x000000000000201d      0x148 /tmp/cckbQfu6.debug.temp.o
 .debug_line    0x0000000000002165      0x116 /tmp/ccsddAq8.debug.temp.o
 .debug_line    0x000000000000227b      0x116 /tmp/ccXIdlV8.debug.temp.o
 .debug_line    0x0000000000002391      0x2c4 /tmp/ccVSPOI5.debug.temp.o
 .debug_line    0x0000000000002655      0x2bc /tmp/ccKUfPe9.debug.temp.o
 .debug_line    0x0000000000002911      0x28b /tmp/ccNIQaA6.debug.temp.o
 .debug_line    0x0000000000002b9c      0x2f3 /tmp/ccQoONU6.debug.temp.o
 .debug_line    0x0000000000002e8f      0x3b3 /tmp/ccYz5VQ5.debug.temp.o
 .debug_line    0x0000000000003242      0x2db /tmp/ccOYUa37.debug.temp.o

.debug_str      0x0000000000000000     0x3cd5
 .debug_str     0x0000000000000000      0x1ac /tmp/FaultTolerantWriteSmmDxe.dll.cAw6W6.ltrans0.ltrans.o
 .debug_str     0x00000000000001ac     0x1cff /tmp/ccBx3rv7.debug.temp.o
                                       0x1fab (size before relaxing)
 .debug_str     0x0000000000001eab      0x35a /tmp/ccz4MvE7.debug.temp.o
                                       0x1b11 (size before relaxing)
 .debug_str     0x0000000000002205       0xd6 /tmp/cc2lFPD8.debug.temp.o
                                        0x2e8 (size before relaxing)
 .debug_str     0x00000000000022db       0x3e /tmp/cctWNA78.debug.temp.o
                                        0x2bb (size before relaxing)
 .debug_str     0x0000000000002319       0x5d /tmp/ccfWfBy6.debug.temp.o
                                        0x2d3 (size before relaxing)
 .debug_str     0x0000000000002376      0x11e /tmp/ccMVEdq5.debug.temp.o
                                        0x3d0 (size before relaxing)
 .debug_str     0x0000000000002494       0xe1 /tmp/ccN1cnP8.debug.temp.o
                                        0x367 (size before relaxing)
 .debug_str     0x0000000000002575       0x97 /tmp/ccRKmhk7.debug.temp.o
                                        0x31c (size before relaxing)
 .debug_str     0x000000000000260c      0x1b3 /tmp/ccmg3Bv7.debug.temp.o
                                        0x3cd (size before relaxing)
 .debug_str     0x00000000000027bf       0xa3 /tmp/ccGoSbn6.debug.temp.o
                                        0x3f4 (size before relaxing)
 .debug_str     0x0000000000002862       0x4a /tmp/cckbQfu6.debug.temp.o
                                        0x3fd (size before relaxing)
 .debug_str     0x00000000000028ac       0x3b /tmp/ccsddAq8.debug.temp.o
                                        0x3da (size before relaxing)
 .debug_str     0x00000000000028e7       0xb7 /tmp/ccXIdlV8.debug.temp.o
                                        0x44d (size before relaxing)
 .debug_str     0x000000000000299e       0xe8 /tmp/ccVSPOI5.debug.temp.o
                                       0x1505 (size before relaxing)
 .debug_str     0x0000000000002a86      0x2eb /tmp/ccKUfPe9.debug.temp.o
                                       0x176b (size before relaxing)
 .debug_str     0x0000000000002d71       0xf7 /tmp/ccNIQaA6.debug.temp.o
                                       0x1507 (size before relaxing)
 .debug_str     0x0000000000002e68      0x6fa /tmp/ccQoONU6.debug.temp.o
                                       0x201d (size before relaxing)
 .debug_str     0x0000000000003562      0x625 /tmp/ccYz5VQ5.debug.temp.o
                                       0x1bc6 (size before relaxing)
 .debug_str     0x0000000000003b87      0x14e /tmp/ccOYUa37.debug.temp.o
                                       0x1622 (size before relaxing)

.debug_frame    0x0000000000000000      0x234
 .debug_frame   0x0000000000000000      0x234 /tmp/FaultTolerantWriteSmmDxe.dll.cAw6W6.ltrans0.ltrans.o
