Archive member included to satisfy reference by file (symbol)

/workspace/edk2/Build/EmulatorX64/DEBUG_GCC5/X64/MdeModulePkg/Universal/Disk/DiskIoDxe/DiskIoDxe/OUTPUT/DiskIoDxe.lib(ComponentName.obj)
                              (--whole-archive)
/workspace/edk2/Build/EmulatorX64/DEBUG_GCC5/X64/MdeModulePkg/Universal/Disk/DiskIoDxe/DiskIoDxe/OUTPUT/DiskIoDxe.lib(DiskIo.obj)
                              (--whole-archive)
/workspace/edk2/Build/EmulatorX64/DEBUG_GCC5/X64/MdeModulePkg/Universal/Disk/DiskIoDxe/DiskIoDxe/OUTPUT/DiskIoDxe.lib(AutoGen.obj)
                              (--whole-archive)
/workspace/edk2/Build/EmulatorX64/DEBUG_GCC5/X64/MdePkg/Library/BasePrintLib/BasePrintLib/OUTPUT/BasePrintLib.lib(PrintLibInternal.obj)
                              (--whole-archive)
/workspace/edk2/Build/EmulatorX64/DEBUG_GCC5/X64/MdePkg/Library/BasePrintLib/BasePrintLib/OUTPUT/BasePrintLib.lib(PrintLib.obj)
                              (--whole-archive)
/workspace/edk2/Build/EmulatorX64/DEBUG_GCC5/X64/MdePkg/Library/UefiDevicePathLib/UefiDevicePathLib/OUTPUT/UefiDevicePathLib.lib(DevicePathUtilities.obj)
                              (--whole-archive)
/workspace/edk2/Build/EmulatorX64/DEBUG_GCC5/X64/MdePkg/Library/UefiDevicePathLib/UefiDevicePathLib/OUTPUT/UefiDevicePathLib.lib(DevicePathToText.obj)
                              (--whole-archive)
/workspace/edk2/Build/EmulatorX64/DEBUG_GCC5/X64/MdePkg/Library/UefiDevicePathLib/UefiDevicePathLib/OUTPUT/UefiDevicePathLib.lib(DevicePathFromText.obj)
                              (--whole-archive)
/workspace/edk2/Build/EmulatorX64/DEBUG_GCC5/X64/MdePkg/Library/UefiDevicePathLib/UefiDevicePathLib/OUTPUT/UefiDevicePathLib.lib(UefiDevicePathLib.obj)
                              (--whole-archive)
/workspace/edk2/Build/EmulatorX64/DEBUG_GCC5/X64/MdePkg/Library/BaseDebugPrintErrorLevelLib/BaseDebugPrintErrorLevelLib/OUTPUT/BaseDebugPrintErrorLevelLib.lib(BaseDebugPrintErrorLevelLib.obj)
                              (--whole-archive)
/workspace/edk2/Build/EmulatorX64/DEBUG_GCC5/X64/MdeModulePkg/Library/DxeReportStatusCodeLib/DxeReportStatusCodeLib/OUTPUT/DxeReportStatusCodeLib.lib(ReportStatusCodeLib.obj)
                              (--whole-archive)
/workspace/edk2/Build/EmulatorX64/DEBUG_GCC5/X64/MdePkg/Library/DxePcdLib/DxePcdLib/OUTPUT/DxePcdLib.lib(DxePcdLib.obj)
                              (--whole-archive)
/workspace/edk2/Build/EmulatorX64/DEBUG_GCC5/X64/MdeModulePkg/Library/PeiDxeDebugLibReportStatusCode/PeiDxeDebugLibReportStatusCode/OUTPUT/PeiDxeDebugLibReportStatusCode.lib(DebugLib.obj)
                              (--whole-archive)
/workspace/edk2/Build/EmulatorX64/DEBUG_GCC5/X64/MdePkg/Library/BaseLib/BaseLib/OUTPUT/BaseLib.lib(CheckSum.obj)
                              (--whole-archive)
/workspace/edk2/Build/EmulatorX64/DEBUG_GCC5/X64/MdePkg/Library/BaseLib/BaseLib/OUTPUT/BaseLib.lib(SwitchStack.obj)
                              (--whole-archive)
/workspace/edk2/Build/EmulatorX64/DEBUG_GCC5/X64/MdePkg/Library/BaseLib/BaseLib/OUTPUT/BaseLib.lib(SwapBytes64.obj)
                              (--whole-archive)
/workspace/edk2/Build/EmulatorX64/DEBUG_GCC5/X64/MdePkg/Library/BaseLib/BaseLib/OUTPUT/BaseLib.lib(SwapBytes32.obj)
                              (--whole-archive)
/workspace/edk2/Build/EmulatorX64/DEBUG_GCC5/X64/MdePkg/Library/BaseLib/BaseLib/OUTPUT/BaseLib.lib(SwapBytes16.obj)
                              (--whole-archive)
/workspace/edk2/Build/EmulatorX64/DEBUG_GCC5/X64/MdePkg/Library/BaseLib/BaseLib/OUTPUT/BaseLib.lib(LongJump.obj)
                              (--whole-archive)
/workspace/edk2/Build/EmulatorX64/DEBUG_GCC5/X64/MdePkg/Library/BaseLib/BaseLib/OUTPUT/BaseLib.lib(SetJump.obj)
                              (--whole-archive)
/workspace/edk2/Build/EmulatorX64/DEBUG_GCC5/X64/MdePkg/Library/BaseLib/BaseLib/OUTPUT/BaseLib.lib(RShiftU64.obj)
                              (--whole-archive)
/workspace/edk2/Build/EmulatorX64/DEBUG_GCC5/X64/MdePkg/Library/BaseLib/BaseLib/OUTPUT/BaseLib.lib(RRotU64.obj)
                              (--whole-archive)
/workspace/edk2/Build/EmulatorX64/DEBUG_GCC5/X64/MdePkg/Library/BaseLib/BaseLib/OUTPUT/BaseLib.lib(RRotU32.obj)
                              (--whole-archive)
/workspace/edk2/Build/EmulatorX64/DEBUG_GCC5/X64/MdePkg/Library/BaseLib/BaseLib/OUTPUT/BaseLib.lib(MultU64x64.obj)
                              (--whole-archive)
/workspace/edk2/Build/EmulatorX64/DEBUG_GCC5/X64/MdePkg/Library/BaseLib/BaseLib/OUTPUT/BaseLib.lib(MultU64x32.obj)
                              (--whole-archive)
/workspace/edk2/Build/EmulatorX64/DEBUG_GCC5/X64/MdePkg/Library/BaseLib/BaseLib/OUTPUT/BaseLib.lib(MultS64x64.obj)
                              (--whole-archive)
/workspace/edk2/Build/EmulatorX64/DEBUG_GCC5/X64/MdePkg/Library/BaseLib/BaseLib/OUTPUT/BaseLib.lib(ModU64x32.obj)
                              (--whole-archive)
[...]
Memory Configuration

Name             Origin             Length             Attributes
*default*        0x0000000000000000 0xffffffffffffffff

Linker script and memory map

START GROUP
LOAD /tmp/DiskIoDxe.dll.pNEJTp.ltrans0.ltrans.o
LOAD /tmp/ccjKF43s.debug.temp.o
LOAD /tmp/ccjIeHVr.debug.temp.o
LOAD /tmp/ccYpROqt.debug.temp.o
LOAD /tmp/ccFxGtft.debug.temp.o
LOAD /tmp/ccSDz56r.debug.temp.o
LOAD /tmp/cc085tTr.debug.temp.o
LOAD /tmp/ccjeoooq.debug.temp.o
LOAD /tmp/ccMt23Xr.debug.temp.o
LOAD /tmp/cc8kTnQp.debug.temp.o
LOAD /tmp/ccDnoQwr.debug.temp.o
LOAD /tmp/cc8ZRjdt.debug.temp.o
LOAD /tmp/ccY8dw6s.debug.temp.o
LOAD /tmp/ccLR12ds.debug.temp.o
LOAD /tmp/ccpdWwvt.debug.temp.o
LOAD /tmp/ccjZSrMt.debug.temp.o
LOAD /tmp/ccTieiYp.debug.temp.o
LOAD /tmp/ccv8l6qr.debug.temp.o
LOAD /tmp/ccN7Raeq.debug.temp.o
LOAD /tmp/ccOruaKt.debug.temp.o
LOAD /tmp/ccUdxC7s.debug.temp.o
LOAD /tmp/ccXZD4wp.debug.temp.o
LOAD /tmp/ccb37Vbq.debug.temp.o
LOAD /tmp/ccw9vwsp.debug.temp.o
LOAD /tmp/ccLn6jkr.debug.temp.o
LOAD /tmp/cccWKWZq.debug.temp.o
LOAD /tmp/cch9Al8r.debug.temp.o
LOAD /tmp/cc9r6H9p.debug.temp.o
LOAD /tmp/cchd5j8r.debug.temp.o
LOAD /tmp/ccLhMVKs.debug.temp.o
LOAD /tmp/ccUhLohs.debug.temp.o
LOAD /tmp/ccPIVBwt.debug.temp.o
LOAD /tmp/ccwGVbuq.debug.temp.o
LOAD /tmp/cc7FlhDq.debug.temp.o
LOAD /tmp/ccN3hfNs.debug.temp.o
LOAD /tmp/ccdnvrwq.debug.temp.o
LOAD /tmp/cczCPWor.debug.temp.o
LOAD /tmp/ccho6zdr.debug.temp.o
LOAD /tmp/ccLY33Jq.debug.temp.o
LOAD /tmp/ccbErBgq.debug.temp.o
LOAD /tmp/ccKBw4Mp.debug.temp.o
LOAD /tmp/ccxysAgq.debug.temp.o
LOAD /tmp/ccUkxQOt.debug.temp.o
LOAD /tmp/ccTWReEs.debug.temp.o
LOAD /tmp/ccdB10Nr.debug.temp.o
LOAD /tmp/ccp1miGp.debug.temp.o
LOAD /tmp/ccayU5it.debug.temp.o
LOAD /tmp/cca5qKBp.debug.temp.o
LOAD /tmp/cc1cpRss.debug.temp.o
LOAD /tmp/ccJqbmNs.debug.temp.o
LOAD /tmp/ccyeQeWp.debug.temp.o
LOAD /tmp/cc5U7mDq.debug.temp.o
LOAD /tmp/ccAVL22p.debug.temp.o
LOAD /tmp/ccJeNWpt.debug.temp.o
LOAD /tmp/ccZpaSRs.debug.temp.o
LOAD /tmp/ccDTKsnq.debug.temp.o
LOAD /tmp/cccxSpos.debug.temp.o
LOAD /tmp/ccNPeQIs.debug.temp.o
LOAD /tmp/cc7on7Ks.debug.temp.o
LOAD /tmp/ccgHHfWp.debug.temp.o
LOAD /tmp/cc9UnzVq.debug.temp.o
LOAD /tmp/ccKUSqPp.debug.temp.o
LOAD /tmp/ccpPbGIp.debug.temp.o
LOAD /tmp/ccqPbjst.debug.temp.o
LOAD /tmp/ccHc4tlt.debug.temp.o
LOAD /tmp/cctW4Jnt.debug.temp.o
LOAD /tmp/ccvmy2up.debug.temp.o
LOAD /tmp/cc3rHSjs.debug.temp.o
LOAD /tmp/ccfM4w8r.debug.temp.o
LOAD /tmp/ccbm9But.debug.temp.o
LOAD /tmp/ccq6zUIs.debug.temp.o
LOAD /tmp/ccImFOsp.debug.temp.o
LOAD /tmp/ccJzlQpq.debug.temp.o
LOAD /tmp/ccnd7Dwq.debug.temp.o
LOAD /tmp/ccwwpAut.debug.temp.o
LOAD /tmp/ccS6I7up.debug.temp.o
LOAD /tmp/ccBB1GGs.debug.temp.o
LOAD /tmp/cc5SuZFt.debug.temp.o
LOAD /tmp/ccV80p0t.debug.temp.o
LOAD /tmp/ccG6mmst.debug.temp.o
LOAD /tmp/cct6wCut.debug.temp.o
LOAD /tmp/cc2MCT0p.debug.temp.o
LOAD /tmp/cc4ixUzs.debug.temp.o
LOAD /tmp/ccJk2Gzp.debug.temp.o
LOAD /tmp/ccJoYsfs.debug.temp.o
LOAD /tmp/ccOON3Rs.debug.temp.o
LOAD /tmp/ccZrf9up.debug.temp.o
LOAD /tmp/cc1kWzDq.debug.temp.o
LOAD /tmp/ccEL0LDt.debug.temp.o
LOAD /tmp/ccN5pMzp.debug.temp.o
LOAD /tmp/ccHakjEp.debug.temp.o
LOAD /tmp/ccL10ODt.debug.temp.o
LOAD /tmp/ccwPCYVt.debug.temp.o
LOAD /tmp/ccSNe6Is.debug.temp.o
LOAD /tmp/ccfpDOzp.debug.temp.o
LOAD /tmp/ccTcbLeq.debug.temp.o
LOAD /tmp/cc7oIkvp.debug.temp.o
LOAD /workspace/edk2/Build/EmulatorX64/DEBUG_GCC5/X64/MdeModulePkg/Universal/Disk/DiskIoDxe/DiskIoDxe/OUTPUT/DiskIoDxe.lib
LOAD /workspace/edk2/Build/EmulatorX64/DEBUG_GCC5/X64/MdePkg/Library/BasePrintLib/BasePrintLib/OUTPUT/BasePrintLib.lib
LOAD /workspace/edk2/Build/EmulatorX64/DEBUG_GCC5/X64/MdePkg/Library/UefiDevicePathLib/UefiDevicePathLib/OUTPUT/UefiDevicePathLib.lib
LOAD /workspace/edk2/Build/EmulatorX64/DEBUG_GCC5/X64/MdePkg/Library/BaseDebugPrintErrorLevelLib/BaseDebugPrintErrorLevelLib/OUTPUT/BaseDebugPrintErrorLevelLib.lib
LOAD /workspace/edk2/Build/EmulatorX64/DEBUG_GCC5/X64/MdeModulePkg/Library/DxeReportStatusCodeLib/DxeReportStatusCodeLib/OUTPUT/DxeReportStatusCodeLib.lib
LOAD /workspace/edk2/Build/EmulatorX64/DEBUG_GCC5/X64/MdePkg/Library/DxePcdLib/DxePcdLib/OUTPUT/DxePcdLib.lib
LOAD /workspace/edk2/Build/EmulatorX64/DEBUG_GCC5/X64/MdeModulePkg/Library/PeiDxeDebugLibReportStatusCode/PeiDxeDebugLibReportStatusCode/OUTPUT/PeiDxeDebugLibReportStatusCode.lib
LOAD /workspace/edk2/Build/EmulatorX64/DEBUG_GCC5/X64/MdePkg/Library/BaseLib/BaseLib/OUTPUT/BaseLib.lib
LOAD /workspace/edk2/Build/EmulatorX64/DEBUG_GCC5/X64/MdePkg/Library/BaseMemoryLib/BaseMemoryLib/OUTPUT/BaseMemoryLib.lib
LOAD /workspace/edk2/Build/EmulatorX64/DEBUG_GCC5/X64/MdePkg/Library/UefiMemoryAllocationLib/UefiMemoryAllocationLib/OUTPUT/UefiMemoryAllocationLib.lib
LOAD /workspace/edk2/Build/EmulatorX64/DEBUG_GCC5/X64/MdePkg/Library/UefiBootServicesTableLib/UefiBootServicesTableLib/OUTPUT/UefiBootServicesTableLib.lib
LOAD /workspace/edk2/Build/EmulatorX64/DEBUG_GCC5/X64/MdePkg/Library/UefiRuntimeServicesTableLib/UefiRuntimeServicesTableLib/OUTPUT/UefiRuntimeServicesTableLib.lib
LOAD /workspace/edk2/Build/EmulatorX64/DEBUG_GCC5/X64/MdePkg/Library/UefiLib/UefiLib/OUTPUT/UefiLib.lib
LOAD /workspace/edk2/Build/EmulatorX64/DEBUG_GCC5/X64/MdePkg/Library/UefiDriverEntryPoint/UefiDriverEntryPoint/OUTPUT/UefiDriverEntryPoint.lib
END GROUP
                0x0000000000000228                PECOFF_HEADER_SIZE = 0x228
                0x0000000000000228                . = PECOFF_HEADER_SIZE

.text           0x0000000000000240     0x3b4e
 *(.text .text.* .stub .gnu.linkonce.t.*)
 .text.InternalAllocatePool.constprop.0
                0x0000000000000240       0x37 /tmp/DiskIoDxe.dll.pNEJTp.ltrans0.ltrans.o
 .text.DebugPrintEnabled
                0x0000000000000277        0x3 /tmp/DiskIoDxe.dll.pNEJTp.ltrans0.ltrans.o
 .text.DebugAssert
                0x000000000000027a      0x147 /tmp/DiskIoDxe.dll.pNEJTp.ltrans0.ltrans.o
 .text.EfiReleaseLock
                0x00000000000003c1       0x43 /tmp/DiskIoDxe.dll.pNEJTp.ltrans0.ltrans.o
 .text.EfiAcquireLock
                0x0000000000000404       0x44 /tmp/DiskIoDxe.dll.pNEJTp.ltrans0.ltrans.o
 .text.CopyMem.part.0
                0x0000000000000448      0x253 /tmp/DiskIoDxe.dll.pNEJTp.ltrans0.ltrans.o
 .text.CopyMem  0x000000000000069b        0xe /tmp/DiskIoDxe.dll.pNEJTp.ltrans0.ltrans.o
 .text.WriteUnaligned64
                0x00000000000006a9       0x38 /tmp/DiskIoDxe.dll.pNEJTp.ltrans0.ltrans.o
 .text.ReadUnaligned64
                0x00000000000006e1       0x2e /tmp/DiskIoDxe.dll.pNEJTp.ltrans0.ltrans.o
 .text.ReportStatusCodeEx.constprop.0
                0x000000000000070f      0x1fc /tmp/DiskIoDxe.dll.pNEJTp.ltrans0.ltrans.o
 .text.ReadUnaligned24
                0x000000000000090b       0x32 /tmp/DiskIoDxe.dll.pNEJTp.ltrans0.ltrans.o
 .text.AsciiStrLen
                0x000000000000093d       0x67 /tmp/DiskIoDxe.dll.pNEJTp.ltrans0.ltrans.o
 .text.AsciiStrnCmp.part.0
                0x00000000000009a4       0xb7 /tmp/DiskIoDxe.dll.pNEJTp.ltrans0.ltrans.o
 .text.InitializeListHead
                0x0000000000000a5b        0xb /tmp/DiskIoDxe.dll.pNEJTp.ltrans0.ltrans.o
 .text.InternalBaseLibIsListValid
                0x0000000000000a66       0x6c /tmp/DiskIoDxe.dll.pNEJTp.ltrans0.ltrans.o
 .text.IsListEmpty
                0x0000000000000ad2       0x35 /tmp/DiskIoDxe.dll.pNEJTp.ltrans0.ltrans.o
 .text.RemoveEntryList
                0x0000000000000b07       0x40 /tmp/DiskIoDxe.dll.pNEJTp.ltrans0.ltrans.o
 .text.GetFirstNode
                0x0000000000000b47       0x32 /tmp/DiskIoDxe.dll.pNEJTp.ltrans0.ltrans.o
 .text.IsNull   0x0000000000000b79       0x3a /tmp/DiskIoDxe.dll.pNEJTp.ltrans0.ltrans.o
 .text.GetNextNode
                0x0000000000000bb3       0x32 /tmp/DiskIoDxe.dll.pNEJTp.ltrans0.ltrans.o
 .text.InsertTailList
                0x0000000000000be5       0x4d /tmp/DiskIoDxe.dll.pNEJTp.ltrans0.ltrans.o
 .text.DiskIo2Cancel
                0x0000000000000c32       0xe4 /tmp/DiskIoDxe.dll.pNEJTp.ltrans0.ltrans.o
 .text.DiskIoDriverBindingSupported
                0x0000000000000d16       0x6b /tmp/DiskIoDxe.dll.pNEJTp.ltrans0.ltrans.o
 .text.DiskIoComponentNameGetControllerName
                0x0000000000000d81        0xf /tmp/DiskIoDxe.dll.pNEJTp.ltrans0.ltrans.o
 .text.DiskIoComponentNameGetDriverName
                0x0000000000000d90      0x12e /tmp/DiskIoDxe.dll.pNEJTp.ltrans0.ltrans.o
 .text.EfiInitializeLock.constprop.0
                0x0000000000000ebe       0x1a /tmp/DiskIoDxe.dll.pNEJTp.ltrans0.ltrans.o
 .text.DebugPrint
                0x0000000000000ed8      0x251 /tmp/DiskIoDxe.dll.pNEJTp.ltrans0.ltrans.o
 .text.InternalAllocateAlignedPages.constprop.0
                0x0000000000001129      0x210 /tmp/DiskIoDxe.dll.pNEJTp.ltrans0.ltrans.o
 .text.FreePool
                0x0000000000001339       0x51 /tmp/DiskIoDxe.dll.pNEJTp.ltrans0.ltrans.o
 .text.DiskIo2FlushDiskEx
                0x000000000000138a      0x1ed /tmp/DiskIoDxe.dll.pNEJTp.ltrans0.ltrans.o
 .text.DiskIo2OnFlushComplete
                0x0000000000001577       0x67 /tmp/DiskIoDxe.dll.pNEJTp.ltrans0.ltrans.o
 .text.DiskIo2RemoveCompletedTask
                0x00000000000015de      0x124 /tmp/DiskIoDxe.dll.pNEJTp.ltrans0.ltrans.o
 .text.FreeAlignedPages
                0x0000000000001702       0x86 /tmp/DiskIoDxe.dll.pNEJTp.ltrans0.ltrans.o
 .text.DiskIoDestroySubtask
                0x0000000000001788       0xe9 /tmp/DiskIoDxe.dll.pNEJTp.ltrans0.ltrans.o
 .text.DiskIo2OnReadWriteComplete
                0x0000000000001871      0x183 /tmp/DiskIoDxe.dll.pNEJTp.ltrans0.ltrans.o
 .text.DiskIoDriverBindingStart
                0x00000000000019f4      0x31e /tmp/DiskIoDxe.dll.pNEJTp.ltrans0.ltrans.o
 .text.DiskIoCreateSubtask
                0x0000000000001d12      0x19f /tmp/DiskIoDxe.dll.pNEJTp.ltrans0.ltrans.o
 .text.DiskIoCreateSubtaskList
                0x0000000000001eb1      0x4e6 /tmp/DiskIoDxe.dll.pNEJTp.ltrans0.ltrans.o
 .text.DiskIo2ReadWriteDisk
                0x0000000000002397      0x548 /tmp/DiskIoDxe.dll.pNEJTp.ltrans0.ltrans.o
 .text.DiskIoWriteDisk
                0x00000000000028df      0x10a /tmp/DiskIoDxe.dll.pNEJTp.ltrans0.ltrans.o
 .text.DiskIoReadDisk
                0x00000000000029e9      0x107 /tmp/DiskIoDxe.dll.pNEJTp.ltrans0.ltrans.o
 .text.DiskIo2WriteDiskEx
                0x0000000000002af0      0x107 /tmp/DiskIoDxe.dll.pNEJTp.ltrans0.ltrans.o
 .text.DiskIo2ReadDiskEx
                0x0000000000002bf7      0x104 /tmp/DiskIoDxe.dll.pNEJTp.ltrans0.ltrans.o
 .text.DiskIoDriverBindingStop
                0x0000000000002cfb      0x27a /tmp/DiskIoDxe.dll.pNEJTp.ltrans0.ltrans.o
 .text._ModuleEntryPoint
                0x0000000000002f75      0x184 /tmp/DiskIoDxe.dll.pNEJTp.ltrans0.ltrans.o
                0x0000000000002f75                _ModuleEntryPoint
 *(.rodata .rodata.* .gnu.linkonce.r.*)
 .rodata.DebugAssert.str1.1
                0x00000000000030f9        0xf /tmp/DiskIoDxe.dll.pNEJTp.ltrans0.ltrans.o
 .rodata.EfiReleaseLock.str1.1
                0x0000000000003108       0x4f /tmp/DiskIoDxe.dll.pNEJTp.ltrans0.ltrans.o
 .rodata.EfiAcquireLock.str1.1
                0x0000000000003157       0x1e /tmp/DiskIoDxe.dll.pNEJTp.ltrans0.ltrans.o
 .rodata.CopyMem.part.0.str1.1
                0x0000000000003175       0xbf /tmp/DiskIoDxe.dll.pNEJTp.ltrans0.ltrans.o
 .rodata.WriteUnaligned64.str1.1
                0x0000000000003234       0x4a /tmp/DiskIoDxe.dll.pNEJTp.ltrans0.ltrans.o
 .rodata.ReportStatusCodeEx.constprop.0.str1.1
                0x000000000000327e       0x8f /tmp/DiskIoDxe.dll.pNEJTp.ltrans0.ltrans.o
 .rodata.AsciiStrLen.str1.1
                0x000000000000330d       0x7f /tmp/DiskIoDxe.dll.pNEJTp.ltrans0.ltrans.o
 .rodata.AsciiStrnCmp.part.0.str1.1
                0x000000000000338c       0x70 /tmp/DiskIoDxe.dll.pNEJTp.ltrans0.ltrans.o
 .rodata.InternalBaseLibIsListValid.str1.1
                0x00000000000033fc       0x75 /tmp/DiskIoDxe.dll.pNEJTp.ltrans0.ltrans.o
 .rodata.IsListEmpty.str1.1
                0x0000000000003471       0x26 /tmp/DiskIoDxe.dll.pNEJTp.ltrans0.ltrans.o
 .rodata.RemoveEntryList.str1.1
                0x0000000000003497       0x15 /tmp/DiskIoDxe.dll.pNEJTp.ltrans0.ltrans.o
 .rodata.GetFirstNode.str1.1
                0x00000000000034ac       0x22 /tmp/DiskIoDxe.dll.pNEJTp.ltrans0.ltrans.o
 .rodata.DiskIo2Cancel.str1.1
                0x00000000000034ce       0x54 /tmp/DiskIoDxe.dll.pNEJTp.ltrans0.ltrans.o
 .rodata.DebugPrint.str1.1
                0x0000000000003522      0x14d /tmp/DiskIoDxe.dll.pNEJTp.ltrans0.ltrans.o
 .rodata.InternalAllocateAlignedPages.constprop.0.str1.1
                0x000000000000366f       0xb7 /tmp/DiskIoDxe.dll.pNEJTp.ltrans0.ltrans.o
 .rodata.DiskIo2OnFlushComplete.str1.1
                0x0000000000003726       0x49 /tmp/DiskIoDxe.dll.pNEJTp.ltrans0.ltrans.o
 .rodata.DiskIo2RemoveCompletedTask.str1.1
                0x000000000000376f       0x1c /tmp/DiskIoDxe.dll.pNEJTp.ltrans0.ltrans.o
 .rodata.FreeAlignedPages.str1.1
                0x000000000000378b        0xb /tmp/DiskIoDxe.dll.pNEJTp.ltrans0.ltrans.o
 .rodata.DiskIo2OnReadWriteComplete.str1.1
                0x0000000000003796       0xe2 /tmp/DiskIoDxe.dll.pNEJTp.ltrans0.ltrans.o
 .rodata.DiskIoDriverBindingStart.str1.1
                0x0000000000003878      0x105 /tmp/DiskIoDxe.dll.pNEJTp.ltrans0.ltrans.o
 .rodata.DiskIoCreateSubtask.str1.1
                0x000000000000397d       0xbe /tmp/DiskIoDxe.dll.pNEJTp.ltrans0.ltrans.o
 .rodata.DiskIoCreateSubtaskList.str1.1
                0x0000000000003a3b       0xe2 /tmp/DiskIoDxe.dll.pNEJTp.ltrans0.ltrans.o
 .rodata.DiskIo2ReadWriteDisk.str1.1
                0x0000000000003b1d       0xc6 /tmp/DiskIoDxe.dll.pNEJTp.ltrans0.ltrans.o
 .rodata.DiskIoDriverBindingStop.str1.1
                0x0000000000003be3       0x23 /tmp/DiskIoDxe.dll.pNEJTp.ltrans0.ltrans.o
 .rodata._ModuleEntryPoint.str1.1
                0x0000000000003c06      0x13e /tmp/DiskIoDxe.dll.pNEJTp.ltrans0.ltrans.o
 .rodata.str1.1
                0x0000000000003d44        0xb /tmp/DiskIoDxe.dll.pNEJTp.ltrans0.ltrans.o
                                          0xe (size before relaxing)
 *fill*         0x0000000000003d4f        0x1 
 .rodata.str2.2
                0x0000000000003d50       0x30 /tmp/DiskIoDxe.dll.pNEJTp.ltrans0.ltrans.o
 .rodata.__FUNCTION__.3040
                0x0000000000003d80        0xe /tmp/DiskIoDxe.dll.pNEJTp.ltrans0.ltrans.o
 *(.got .got.*)
 .got           0x0000000000003d8e        0x0 ComponentName.obj (symbol from plugin)
 .got.plt       0x0000000000003d8e        0x0 ComponentName.obj (symbol from plugin)
 *:AutoGen.obj(.data.g*Guid)

.plt            0x0000000000003d90        0x0
 .plt           0x0000000000003d90        0x0 ComponentName.obj (symbol from plugin)

.plt.got        0x0000000000003d90        0x0
 .plt.got       0x0000000000003d90        0x0 ComponentName.obj (symbol from plugin)

.data           0x0000000000003dc0      0x208
 *(.data .data.* .gnu.linkonce.d.*)
 .data.rel.local.mDiskIoDriverNameTable
                0x0000000000003dc0       0x20 /tmp/DiskIoDxe.dll.pNEJTp.ltrans0.ltrans.o
 .data.rel.local.gDiskIoPrivateDataTemplate
                0x0000000000003de0       0x88 /tmp/DiskIoDxe.dll.pNEJTp.ltrans0.ltrans.o
 *fill*         0x0000000000003e68        0x8 
 .data.gEfiBlockIo2ProtocolGuid
                0x0000000000003e70       0x10 /tmp/DiskIoDxe.dll.pNEJTp.ltrans0.ltrans.o
 .data.gEfiBlockIoProtocolGuid
                0x0000000000003e80       0x10 /tmp/DiskIoDxe.dll.pNEJTp.ltrans0.ltrans.o
 .data.gEfiDiskIo2ProtocolGuid
                0x0000000000003e90       0x10 /tmp/DiskIoDxe.dll.pNEJTp.ltrans0.ltrans.o
 .data.gEfiDiskIoProtocolGuid
                0x0000000000003ea0       0x10 /tmp/DiskIoDxe.dll.pNEJTp.ltrans0.ltrans.o
 .data.gEfiStatusCodeDataTypeDebugGuid
                0x0000000000003eb0       0x10 /tmp/DiskIoDxe.dll.pNEJTp.ltrans0.ltrans.o
 .data.gEfiComponentNameProtocolGuid
                0x0000000000003ec0       0x10 /tmp/DiskIoDxe.dll.pNEJTp.ltrans0.ltrans.o
 .data.gEfiComponentName2ProtocolGuid
                0x0000000000003ed0       0x10 /tmp/DiskIoDxe.dll.pNEJTp.ltrans0.ltrans.o
 .data.gEfiDriverBindingProtocolGuid
                0x0000000000003ee0       0x10 /tmp/DiskIoDxe.dll.pNEJTp.ltrans0.ltrans.o
 .data.rel.local.gDiskIoComponentName2
                0x0000000000003ef0       0x18 /tmp/DiskIoDxe.dll.pNEJTp.ltrans0.ltrans.o
 *fill*         0x0000000000003f08        0x8 
 .data.rel.local.gDiskIoComponentName
                0x0000000000003f10       0x18 /tmp/DiskIoDxe.dll.pNEJTp.ltrans0.ltrans.o
 *fill*         0x0000000000003f28       0x18 
 .data.rel.local.gDiskIoDriverBinding
                0x0000000000003f40       0x30 /tmp/DiskIoDxe.dll.pNEJTp.ltrans0.ltrans.o
 .data.gEfiStatusCodeRuntimeProtocolGuid
                0x0000000000003f70       0x10 /tmp/DiskIoDxe.dll.pNEJTp.ltrans0.ltrans.o
 .data.gEfiCallerIdGuid
                0x0000000000003f80       0x10 /tmp/DiskIoDxe.dll.pNEJTp.ltrans0.ltrans.o
 .data.gEfiStatusCodeSpecificDataGuid
                0x0000000000003f90       0x10 /tmp/DiskIoDxe.dll.pNEJTp.ltrans0.ltrans.o
 .data.rel.ro   0x0000000000003fa0        0x0 ComponentName.obj (symbol from plugin)
 *(.bss .bss.*)
 .bss.gST       0x0000000000003fa0        0x8 /tmp/DiskIoDxe.dll.pNEJTp.ltrans0.ltrans.o
 .bss.gImageHandle
                0x0000000000003fa8        0x8 /tmp/DiskIoDxe.dll.pNEJTp.ltrans0.ltrans.o
 .bss.gRT       0x0000000000003fb0        0x8 /tmp/DiskIoDxe.dll.pNEJTp.ltrans0.ltrans.o
 .bss.mReportStatusCodeLibStatusCodeProtocol
                0x0000000000003fb8        0x8 /tmp/DiskIoDxe.dll.pNEJTp.ltrans0.ltrans.o
 .bss.gBS       0x0000000000003fc0        0x8 /tmp/DiskIoDxe.dll.pNEJTp.ltrans0.ltrans.o

.eh_frame       0x0000000000004000        0x0
 *(.eh_frame)
 .eh_frame      0x0000000000004000        0x0 ComponentName.obj (symbol from plugin)
 .eh_frame      0x0000000000004000        0x0 ComponentName.obj (symbol from plugin)

.dynbss         0x0000000000004000        0x0
 .dynbss        0x0000000000004000        0x0 ComponentName.obj (symbol from plugin)

.gnu.version_d  0x0000000000004000        0x0
 .gnu.version_d
                0x0000000000004000        0x0 ComponentName.obj (symbol from plugin)

.gnu.version    0x0000000000004000        0x0
 .gnu.version   0x0000000000004000        0x0 ComponentName.obj (symbol from plugin)

.gnu.version_r  0x0000000000004000        0x0
 .gnu.version_r
                0x0000000000004000        0x0 ComponentName.obj (symbol from plugin)

.rela           0x0000000000004000      0x198
 *(.rela .rela.*)
 .rela.plt      0x0000000000004000        0x0 ComponentName.obj (symbol from plugin)
 .rela.got      0x0000000000004000        0x0 ComponentName.obj (symbol from plugin)
 .rela.bss      0x0000000000004000        0x0 ComponentName.obj (symbol from plugin)
 .rela.data.rel.ro
                0x0000000000004000        0x0 ComponentName.obj (symbol from plugin)
 .rela.ifunc    0x0000000000004000        0x0 ComponentName.obj (symbol from plugin)
 .rela.data.rel.local.mDiskIoDriverNameTable
                0x0000000000004000       0x30 ComponentName.obj (symbol from plugin)
 .rela.data.rel.local.gDiskIoPrivateDataTemplate
                0x0000000000004030       0x90 ComponentName.obj (symbol from plugin)
 .rela.data.rel.local.gDiskIoComponentName2
                0x00000000000040c0       0x48 ComponentName.obj (symbol from plugin)
 .rela.data.rel.local.gDiskIoComponentName
                0x0000000000004108       0x48 ComponentName.obj (symbol from plugin)
 .rela.data.rel.local.gDiskIoDriverBinding
                0x0000000000004150       0x48 ComponentName.obj (symbol from plugin)

.hii
 *(.hii)

.build-id       0x0000000000004198       0x24
 *(.note.gnu.build-id)
 .note.gnu.build-id
                0x0000000000004198       0x24 ComponentName.obj (symbol from plugin)

/DISCARD/
 *(.note.GNU-stack)
 *(.gnu_debuglink)
 *(.interp)
 *(.dynsym)
 *(.dynstr)
 *(.dynamic)
 *(.hash .gnu.hash)
 *(.comment)
 *(COMMON)
OUTPUT(/workspace/edk2/Build/EmulatorX64/DEBUG_GCC5/X64/MdeModulePkg/Universal/Disk/DiskIoDxe/DiskIoDxe/DEBUG/DiskIoDxe.dll elf64-x86-64)

.debug_info     0x0000000000000000    0x27a1a
 .debug_info    0x0000000000000000     0x4273 /tmp/DiskIoDxe.dll.pNEJTp.ltrans0.ltrans.o
 .debug_info    0x0000000000004273     0x1d74 /tmp/ccjKF43s.debug.temp.o
                0x0000000000004273                ComponentName.c.4ebdae08
 .debug_info    0x0000000000005fe7     0x2b15 /tmp/ccjIeHVr.debug.temp.o
                0x0000000000005fe7                DiskIo.c.41a2102b
 .debug_info    0x0000000000008afc     0x1da2 /tmp/ccYpROqt.debug.temp.o
                0x0000000000008afc                AutoGen.c.eefa97b7
 .debug_info    0x000000000000a89e      0x763 /tmp/ccFxGtft.debug.temp.o
                0x000000000000a89e                PrintLibInternal.c.bf35e791
 .debug_info    0x000000000000b001     0x3d2b /tmp/ccjeoooq.debug.temp.o
                0x000000000000b001                DevicePathToText.c.df334663
 .debug_info    0x000000000000ed2c     0x45d4 /tmp/ccMt23Xr.debug.temp.o
                0x000000000000ed2c                DevicePathFromText.c.8552daa7
 .debug_info    0x0000000000013300      0x18d /tmp/ccDnoQwr.debug.temp.o
                0x0000000000013300                BaseDebugPrintErrorLevelLib.c.52becbe2
 .debug_info    0x000000000001348d     0x1e55 /tmp/cc8ZRjdt.debug.temp.o
                0x000000000001348d                ReportStatusCodeLib.c.e7f16b4c
 .debug_info    0x00000000000152e2     0x2beb /tmp/ccY8dw6s.debug.temp.o
                0x00000000000152e2                DxePcdLib.c.8f33349a
 .debug_info    0x0000000000017ecd      0x725 /tmp/ccLR12ds.debug.temp.o
                0x0000000000017ecd                DebugLib.c.bf38e532
 .debug_info    0x00000000000185f2      0x2b1 /tmp/ccOruaKt.debug.temp.o
                0x00000000000185f2                LongJump.c.4998087f
 .debug_info    0x00000000000188a3      0x2a5 /tmp/ccUdxC7s.debug.temp.o
                0x00000000000188a3                SetJump.c.413347ea
 .debug_info    0x0000000000018b48      0x1db /tmp/cchd5j8r.debug.temp.o
                0x0000000000018b48                LShiftU64.c.e489f760
 .debug_info    0x0000000000018d23      0x1e5 /tmp/ccLY33Jq.debug.temp.o
                0x0000000000018d23                DivU64x32Remainder.c.086207f9
 .debug_info    0x0000000000018f08      0x1d0 /tmp/ccTWReEs.debug.temp.o
                0x0000000000018f08                CpuDeadLoop.c.34ea6ef1
 .debug_info    0x00000000000190d8      0x428 /tmp/ccp1miGp.debug.temp.o
                0x00000000000190d8                LinkedList.c.411b222b
 .debug_info    0x0000000000019500     0x1004 /tmp/ccayU5it.debug.temp.o
                0x0000000000019500                SafeString.c.0f121662
 .debug_info    0x000000000001a504      0x7f3 /tmp/cca5qKBp.debug.temp.o
                0x000000000001a504                String.c.4381de4c
 .debug_info    0x000000000001acf7      0x43c /tmp/ccyeQeWp.debug.temp.o
                0x000000000001acf7                Math64.c.9935f58d
 .debug_info    0x000000000001b133      0x2f0 /tmp/cc5U7mDq.debug.temp.o
                0x000000000001b133                Unaligned.c.8821ebc3
 .debug_info    0x000000000001b423      0x45a /tmp/ccfM4w8r.debug.temp.o
                0x000000000001b423                GccInline.c.fd820db9
 .debug_info    0x000000000001b87d      0x1db /tmp/ccImFOsp.debug.temp.o
                0x000000000001b87d                SetMem.c.6ab1b54a
 .debug_info    0x000000000001ba58      0x17a /tmp/ccBB1GGs.debug.temp.o
                0x000000000001ba58                ZeroMemWrapper.c.1a2b966d
 .debug_info    0x000000000001bbd2      0x191 /tmp/cc4ixUzs.debug.temp.o
                0x000000000001bbd2                CopyMemWrapper.c.8c562a00
 .debug_info    0x000000000001bd63      0x3ef /tmp/ccJoYsfs.debug.temp.o
                0x000000000001bd63                MemLibGeneric.c.eaf19fc8
 .debug_info    0x000000000001c152      0x265 /tmp/ccOON3Rs.debug.temp.o
                0x000000000001c152                MemLibGuid.c.329e3fd6
 .debug_info    0x000000000001c3b7      0x21b /tmp/ccZrf9up.debug.temp.o
                0x000000000001c3b7                CopyMem.c.f159d758
 .debug_info    0x000000000001c5d2     0x1de0 /tmp/cc1kWzDq.debug.temp.o
                0x000000000001c5d2                MemoryAllocationLib.c.e2198fd7
 .debug_info    0x000000000001e3b2     0x18e1 /tmp/ccEL0LDt.debug.temp.o
                0x000000000001e3b2                UefiBootServicesTableLib.c.19396cbb
 .debug_info    0x000000000001fc93     0x18b2 /tmp/ccN5pMzp.debug.temp.o
                0x000000000001fc93                UefiRuntimeServicesTableLib.c.26ae4b28
 .debug_info    0x0000000000021545     0x2307 /tmp/ccwPCYVt.debug.temp.o
                0x0000000000021545                UefiDriverModel.c.3c580118
 .debug_info    0x000000000002384c     0x2777 /tmp/ccfpDOzp.debug.temp.o
                0x000000000002384c                UefiLib.c.3ed53a42
 .debug_info    0x0000000000025fc3     0x1a57 /tmp/cc7oIkvp.debug.temp.o
                0x0000000000025fc3                DriverEntryPoint.c.116e7be4

.debug_abbrev   0x0000000000000000     0x32a3
 .debug_abbrev  0x0000000000000000      0x24d /tmp/DiskIoDxe.dll.pNEJTp.ltrans0.ltrans.o
 .debug_abbrev  0x000000000000024d      0x1f8 /tmp/ccjKF43s.debug.temp.o
 .debug_abbrev  0x0000000000000445      0x285 /tmp/ccjIeHVr.debug.temp.o
 .debug_abbrev  0x00000000000006ca      0x225 /tmp/ccYpROqt.debug.temp.o
 .debug_abbrev  0x00000000000008ef      0x149 /tmp/ccFxGtft.debug.temp.o
 .debug_abbrev  0x0000000000000a38      0x2b9 /tmp/ccjeoooq.debug.temp.o
 .debug_abbrev  0x0000000000000cf1      0x2b0 /tmp/ccMt23Xr.debug.temp.o
 .debug_abbrev  0x0000000000000fa1       0xc6 /tmp/ccDnoQwr.debug.temp.o
 .debug_abbrev  0x0000000000001067      0x27a /tmp/cc8ZRjdt.debug.temp.o
 .debug_abbrev  0x00000000000012e1      0x25c /tmp/ccY8dw6s.debug.temp.o
 .debug_abbrev  0x000000000000153d      0x1dd /tmp/ccLR12ds.debug.temp.o
 .debug_abbrev  0x000000000000171a       0xd1 /tmp/ccOruaKt.debug.temp.o
 .debug_abbrev  0x00000000000017eb       0xd1 /tmp/ccUdxC7s.debug.temp.o
 .debug_abbrev  0x00000000000018bc       0xb1 /tmp/cchd5j8r.debug.temp.o
 .debug_abbrev  0x000000000000196d       0xb3 /tmp/ccLY33Jq.debug.temp.o
 .debug_abbrev  0x0000000000001a20       0xb6 /tmp/ccTWReEs.debug.temp.o
 .debug_abbrev  0x0000000000001ad6      0x139 /tmp/ccp1miGp.debug.temp.o
 .debug_abbrev  0x0000000000001c0f      0x138 /tmp/ccayU5it.debug.temp.o
 .debug_abbrev  0x0000000000001d47      0x126 /tmp/cca5qKBp.debug.temp.o
 .debug_abbrev  0x0000000000001e6d       0xf9 /tmp/ccyeQeWp.debug.temp.o
 .debug_abbrev  0x0000000000001f66       0xb3 /tmp/cc5U7mDq.debug.temp.o
 .debug_abbrev  0x0000000000002019      0x164 /tmp/ccfM4w8r.debug.temp.o
 .debug_abbrev  0x000000000000217d       0xc9 /tmp/ccImFOsp.debug.temp.o
 .debug_abbrev  0x0000000000002246       0xb1 /tmp/ccBB1GGs.debug.temp.o
 .debug_abbrev  0x00000000000022f7       0xb8 /tmp/cc4ixUzs.debug.temp.o
 .debug_abbrev  0x00000000000023af      0x114 /tmp/ccJoYsfs.debug.temp.o
 .debug_abbrev  0x00000000000024c3       0xce /tmp/ccOON3Rs.debug.temp.o
 .debug_abbrev  0x0000000000002591       0xd5 /tmp/ccZrf9up.debug.temp.o
 .debug_abbrev  0x0000000000002666      0x242 /tmp/cc1kWzDq.debug.temp.o
 .debug_abbrev  0x00000000000028a8      0x1dd /tmp/ccEL0LDt.debug.temp.o
 .debug_abbrev  0x0000000000002a85      0x1c3 /tmp/ccN5pMzp.debug.temp.o
 .debug_abbrev  0x0000000000002c48      0x21c /tmp/ccwPCYVt.debug.temp.o
 .debug_abbrev  0x0000000000002e64      0x256 /tmp/ccfpDOzp.debug.temp.o
 .debug_abbrev  0x00000000000030ba      0x1e9 /tmp/cc7oIkvp.debug.temp.o

.debug_loc      0x0000000000000000     0x72a2
 .debug_loc     0x0000000000000000     0x72a2 /tmp/DiskIoDxe.dll.pNEJTp.ltrans0.ltrans.o

.debug_aranges  0x0000000000000000      0x320
 .debug_aranges
                0x0000000000000000      0x320 /tmp/DiskIoDxe.dll.pNEJTp.ltrans0.ltrans.o

.debug_ranges   0x0000000000000000      0xc60
 .debug_ranges  0x0000000000000000      0xc60 /tmp/DiskIoDxe.dll.pNEJTp.ltrans0.ltrans.o

.debug_line     0x0000000000000000     0x712f
 .debug_line    0x0000000000000000     0x3012 /tmp/DiskIoDxe.dll.pNEJTp.ltrans0.ltrans.o
 .debug_line    0x0000000000003012      0x313 /tmp/ccjKF43s.debug.temp.o
 .debug_line    0x0000000000003325      0x340 /tmp/ccjIeHVr.debug.temp.o
 .debug_line    0x0000000000003665      0x284 /tmp/ccYpROqt.debug.temp.o
 .debug_line    0x00000000000038e9      0x142 /tmp/ccFxGtft.debug.temp.o
 .debug_line    0x0000000000003a2b      0x353 /tmp/ccjeoooq.debug.temp.o
 .debug_line    0x0000000000003d7e      0x355 /tmp/ccMt23Xr.debug.temp.o
 .debug_line    0x00000000000040d3      0x164 /tmp/ccDnoQwr.debug.temp.o
 .debug_line    0x0000000000004237      0x3a0 /tmp/cc8ZRjdt.debug.temp.o
 .debug_line    0x00000000000045d7      0x30a /tmp/ccY8dw6s.debug.temp.o
 .debug_line    0x00000000000048e1      0x371 /tmp/ccLR12ds.debug.temp.o
 .debug_line    0x0000000000004c52      0x149 /tmp/ccOruaKt.debug.temp.o
 .debug_line    0x0000000000004d9b      0x148 /tmp/ccUdxC7s.debug.temp.o
 .debug_line    0x0000000000004ee3      0x116 /tmp/cchd5j8r.debug.temp.o
 .debug_line    0x0000000000004ff9      0x11f /tmp/ccLY33Jq.debug.temp.o
 .debug_line    0x0000000000005118      0x118 /tmp/ccTWReEs.debug.temp.o
 .debug_line    0x0000000000005230      0x117 /tmp/ccp1miGp.debug.temp.o
 .debug_line    0x0000000000005347      0x117 /tmp/ccayU5it.debug.temp.o
 .debug_line    0x000000000000545e      0x113 /tmp/cca5qKBp.debug.temp.o
 .debug_line    0x0000000000005571      0x113 /tmp/ccyeQeWp.debug.temp.o
 .debug_line    0x0000000000005684      0x116 /tmp/cc5U7mDq.debug.temp.o
 .debug_line    0x000000000000579a      0x14e /tmp/ccfM4w8r.debug.temp.o
 .debug_line    0x00000000000058e8      0x125 /tmp/ccImFOsp.debug.temp.o
 .debug_line    0x0000000000005a0d      0x12d /tmp/ccBB1GGs.debug.temp.o
 .debug_line    0x0000000000005b3a      0x12d /tmp/cc4ixUzs.debug.temp.o
 .debug_line    0x0000000000005c67      0x12c /tmp/ccJoYsfs.debug.temp.o
 .debug_line    0x0000000000005d93      0x129 /tmp/ccOON3Rs.debug.temp.o
 .debug_line    0x0000000000005ebc      0x126 /tmp/ccZrf9up.debug.temp.o
 .debug_line    0x0000000000005fe2      0x2bc /tmp/cc1kWzDq.debug.temp.o
 .debug_line    0x000000000000629e      0x2c4 /tmp/ccEL0LDt.debug.temp.o
 .debug_line    0x0000000000006562      0x28b /tmp/ccN5pMzp.debug.temp.o
 .debug_line    0x00000000000067ed      0x374 /tmp/ccwPCYVt.debug.temp.o
 .debug_line    0x0000000000006b61      0x2f3 /tmp/ccfpDOzp.debug.temp.o
 .debug_line    0x0000000000006e54      0x2db /tmp/cc7oIkvp.debug.temp.o

.debug_str      0x0000000000000000     0x7a19
 .debug_str     0x0000000000000000      0x1d5 /tmp/DiskIoDxe.dll.pNEJTp.ltrans0.ltrans.o
 .debug_str     0x00000000000001d5     0x195c /tmp/ccjKF43s.debug.temp.o
                                       0x1ba9 (size before relaxing)
 .debug_str     0x0000000000001b31      0x65e /tmp/ccjIeHVr.debug.temp.o
                                       0x2240 (size before relaxing)
 .debug_str     0x000000000000218f      0x427 /tmp/ccYpROqt.debug.temp.o
                                       0x1cbb (size before relaxing)
 .debug_str     0x00000000000025b6      0x2e9 /tmp/ccFxGtft.debug.temp.o
                                        0x6a8 (size before relaxing)
 .debug_str     0x000000000000289f      0xf35 /tmp/ccjeoooq.debug.temp.o
                                       0x25ab (size before relaxing)
 .debug_str     0x00000000000037d4      0xf12 /tmp/ccMt23Xr.debug.temp.o
                                       0x2ef3 (size before relaxing)
 .debug_str     0x00000000000046e6      0x101 /tmp/ccDnoQwr.debug.temp.o
                                        0x39f (size before relaxing)
 .debug_str     0x00000000000047e7      0x41b /tmp/cc8ZRjdt.debug.temp.o
                                       0x19f4 (size before relaxing)
 .debug_str     0x0000000000004c02      0x981 /tmp/ccY8dw6s.debug.temp.o
                                       0x20fa (size before relaxing)
 .debug_str     0x0000000000005583      0x1fd /tmp/ccLR12ds.debug.temp.o
                                        0x906 (size before relaxing)
 .debug_str     0x0000000000005780       0xb4 /tmp/ccOruaKt.debug.temp.o
                                        0x44e (size before relaxing)
 .debug_str     0x0000000000005834       0x4a /tmp/ccUdxC7s.debug.temp.o
                                        0x457 (size before relaxing)
 .debug_str     0x000000000000587e       0x3b /tmp/cchd5j8r.debug.temp.o
                                        0x424 (size before relaxing)
 .debug_str     0x00000000000058b9       0x60 /tmp/ccLY33Jq.debug.temp.o
                                        0x43d (size before relaxing)
 .debug_str     0x0000000000005919       0x41 /tmp/ccTWReEs.debug.temp.o
                                        0x420 (size before relaxing)
 .debug_str     0x000000000000595a      0x10c /tmp/ccp1miGp.debug.temp.o
                                        0x530 (size before relaxing)
 .debug_str     0x0000000000005a66      0x2d0 /tmp/ccayU5it.debug.temp.o
                                        0x7ec (size before relaxing)
 .debug_str     0x0000000000005d36      0x2e0 /tmp/cca5qKBp.debug.temp.o
                                        0x7a1 (size before relaxing)
 .debug_str     0x0000000000006016      0x191 /tmp/ccyeQeWp.debug.temp.o
                                        0x59e (size before relaxing)
 .debug_str     0x00000000000061a7       0xb7 /tmp/cc5U7mDq.debug.temp.o
                                        0x497 (size before relaxing)
 .debug_str     0x000000000000625e      0x170 /tmp/ccfM4w8r.debug.temp.o
                                        0x562 (size before relaxing)
 .debug_str     0x00000000000063ce       0xd1 /tmp/ccImFOsp.debug.temp.o
                                        0x332 (size before relaxing)
 .debug_str     0x000000000000649f       0x3e /tmp/ccBB1GGs.debug.temp.o
                                        0x305 (size before relaxing)
 .debug_str     0x00000000000064dd       0x5d /tmp/cc4ixUzs.debug.temp.o
                                        0x31d (size before relaxing)
 .debug_str     0x000000000000653a      0x118 /tmp/ccJoYsfs.debug.temp.o
                                        0x41a (size before relaxing)
 .debug_str     0x0000000000006652       0xe1 /tmp/ccOON3Rs.debug.temp.o
                                        0x3b1 (size before relaxing)
 .debug_str     0x0000000000006733       0x97 /tmp/ccZrf9up.debug.temp.o
                                        0x366 (size before relaxing)
 .debug_str     0x00000000000067ca      0x2ec /tmp/cc1kWzDq.debug.temp.o
                                       0x17bb (size before relaxing)
 .debug_str     0x0000000000006ab6       0xe9 /tmp/ccEL0LDt.debug.temp.o
                                       0x154f (size before relaxing)
 .debug_str     0x0000000000006b9f       0xf8 /tmp/ccN5pMzp.debug.temp.o
                                       0x1551 (size before relaxing)
 .debug_str     0x0000000000006c97      0x662 /tmp/ccwPCYVt.debug.temp.o
                                       0x208c (size before relaxing)
 .debug_str     0x00000000000072f9      0x5b7 /tmp/ccfpDOzp.debug.temp.o
                                       0x2070 (size before relaxing)
 .debug_str     0x00000000000078b0      0x169 /tmp/cc7oIkvp.debug.temp.o
                                       0x1672 (size before relaxing)

.debug_frame    0x0000000000000000      0xeb8
 .debug_frame   0x0000000000000000      0xeb8 /tmp/DiskIoDxe.dll.pNEJTp.ltrans0.ltrans.o
